<?xml version="1.0" encoding="utf-8"?><testsuites name="pytest tests"><testsuite name="pytest" errors="127" failures="0" skipped="7" tests="134" time="30.268" timestamp="2026-03-09T17:20:24.659983+00:00" hostname="aaron"><testcase classname="" name="mcp_repos.mcp-servers.src.fetch.tests.test_server" time="0.000"><error message="collection failure">ImportError while importing test module 'C:\Users\aaron\Desktop\grace-3.1--Aaron-new2\backend\mcp_repos\mcp-servers\src\fetch\tests\test_server.py'.
Hint: make sure your test modules/packages have valid Python names.
Traceback:
..\..\..\AppData\Local\Programs\Python\Python311\Lib\importlib\__init__.py:126: in import_module
    return _bootstrap._gcd_import(name[level:], package, level)
           ^^^^^^^^^^^^^^^^^^^^^^^^^^^^^^^^^^^^^^^^^^^^^^^^^^^^
mcp_repos\mcp-servers\src\fetch\tests\test_server.py:5: in &lt;module&gt;
    from mcp.shared.exceptions import McpError
E   ModuleNotFoundError: No module named 'mcp'</error></testcase><testcase classname="" name="mcp_repos.mcp-servers.src.git.tests.test_server" time="0.000"><error message="collection failure">ImportError while importing test module 'C:\Users\aaron\Desktop\grace-3.1--Aaron-new2\backend\mcp_repos\mcp-servers\src\git\tests\test_server.py'.
Hint: make sure your test modules/packages have valid Python names.
Traceback:
..\..\..\AppData\Local\Programs\Python\Python311\Lib\importlib\__init__.py:126: in import_module
    return _bootstrap._gcd_import(name[level:], package, level)
           ^^^^^^^^^^^^^^^^^^^^^^^^^^^^^^^^^^^^^^^^^^^^^^^^^^^^
mcp_repos\mcp-servers\src\git\tests\test_server.py:3: in &lt;module&gt;
    import git
E   ModuleNotFoundError: No module named 'git'</error></testcase><testcase classname="" name="mcp_repos.mcp-servers.src.time.test.time_server_test" time="0.000"><error message="collection failure">ImportError while importing test module 'C:\Users\aaron\Desktop\grace-3.1--Aaron-new2\backend\mcp_repos\mcp-servers\src\time\test\time_server_test.py'.
Hint: make sure your test modules/packages have valid Python names.
Traceback:
..\..\..\AppData\Local\Programs\Python\Python311\Lib\importlib\__init__.py:126: in import_module
    return _bootstrap._gcd_import(name[level:], package, level)
           ^^^^^^^^^^^^^^^^^^^^^^^^^^^^^^^^^^^^^^^^^^^^^^^^^^^^
mcp_repos\mcp-servers\src\time\test\time_server_test.py:2: in &lt;module&gt;
    from freezegun import freeze_time
E   ModuleNotFoundError: No module named 'freezegun'</error></testcase><testcase classname="" name="test_actuation_tools" time="0.000"><error message="collection failure">ImportError while importing test module 'C:\Users\aaron\Desktop\grace-3.1--Aaron-new2\backend\test_actuation_tools.py'.
Hint: make sure your test modules/packages have valid Python names.
Traceback:
..\..\..\AppData\Local\Programs\Python\Python311\Lib\importlib\__init__.py:126: in import_module
    return _bootstrap._gcd_import(name[level:], package, level)
           ^^^^^^^^^^^^^^^^^^^^^^^^^^^^^^^^^^^^^^^^^^^^^^^^^^^^
test_actuation_tools.py:6: in &lt;module&gt;
    from grace_mcp.builtin_tools import _handle_execute_shell_command
grace_mcp\__init__.py:10: in &lt;module&gt;
    from grace_mcp.client import MCPClient
grace_mcp\client.py:16: in &lt;module&gt;
    from mcp import ClientSession, StdioServerParameters
E   ModuleNotFoundError: No module named 'mcp'</error></testcase><testcase classname="" name="test_lifespan" time="0.000"><error message="collection failure">ImportError while importing test module 'C:\Users\aaron\Desktop\grace-3.1--Aaron-new2\backend\test_lifespan.py'.
Hint: make sure your test modules/packages have valid Python names.
Traceback:
..\..\..\AppData\Local\Programs\Python\Python311\Lib\importlib\__init__.py:126: in import_module
    return _bootstrap._gcd_import(name[level:], package, level)
           ^^^^^^^^^^^^^^^^^^^^^^^^^^^^^^^^^^^^^^^^^^^^^^^^^^^^
test_lifespan.py:2: in &lt;module&gt;
    import app
app.py:45: in &lt;module&gt;
    from api.auth import router as auth_router
api\auth.py:14: in &lt;module&gt;
    from genesis.genesis_key_service import get_genesis_service
genesis\genesis_key_service.py:23: in &lt;module&gt;
    from version_control.git_service import GitService
version_control\git_service.py:9: in &lt;module&gt;
    from dulwich.repo import Repo
E   ModuleNotFoundError: No module named 'dulwich'</error></testcase><testcase classname="" name="tests.grace_os.test_grace_os_message_bus" time="0.000"><error message="collection failure">ImportError while importing test module 'C:\Users\aaron\Desktop\grace-3.1--Aaron-new2\backend\tests\grace_os\test_grace_os_message_bus.py'.
Hint: make sure your test modules/packages have valid Python names.
Traceback:
..\..\..\AppData\Local\Programs\Python\Python311\Lib\importlib\__init__.py:126: in import_module
    return _bootstrap._gcd_import(name[level:], package, level)
           ^^^^^^^^^^^^^^^^^^^^^^^^^^^^^^^^^^^^^^^^^^^^^^^^^^^^
tests\grace_os\test_grace_os_message_bus.py:8: in &lt;module&gt;
    from grace_os.layers.base_layer import BaseLayer
grace_os\layers\__init__.py:3: in &lt;module&gt;
    from .grace_layer import GraceLayer
grace_os\layers\grace_layer.py:19: in &lt;module&gt;
    from llm_orchestrator.llm_orchestrator import LLMOrchestrator, TaskType
llm_orchestrator\__init__.py:18: in &lt;module&gt;
    from .learning_integration import LearningIntegration
llm_orchestrator\learning_integration.py:20: in &lt;module&gt;
    from genesis.cognitive_layer1_integration import CognitiveLayer1Integration
genesis\cognitive_layer1_integration.py:19: in &lt;module&gt;
    from genesis.layer1_integration import Layer1Integration
genesis\layer1_integration.py:25: in &lt;module&gt;
    from genesis.pipeline_integration import get_data_pipeline
genesis\pipeline_integration.py:14: in &lt;module&gt;
    from genesis.genesis_key_service import get_genesis_service
genesis\genesis_key_service.py:23: in &lt;module&gt;
    from version_control.git_service import GitService
version_control\git_service.py:9: in &lt;module&gt;
    from dulwich.repo import Repo
E   ModuleNotFoundError: No module named 'dulwich'</error></testcase><testcase classname="" name="tests.test_app" time="0.000"><error message="collection failure">ImportError while importing test module 'C:\Users\aaron\Desktop\grace-3.1--Aaron-new2\backend\tests\test_app.py'.
Hint: make sure your test modules/packages have valid Python names.
Traceback:
..\..\..\AppData\Local\Programs\Python\Python311\Lib\importlib\__init__.py:126: in import_module
    return _bootstrap._gcd_import(name[level:], package, level)
           ^^^^^^^^^^^^^^^^^^^^^^^^^^^^^^^^^^^^^^^^^^^^^^^^^^^^
tests\test_app.py:7: in &lt;module&gt;
    from app import app, ChatRequest, ChatResponse, Message, HealthResponse
app.py:45: in &lt;module&gt;
    from api.auth import router as auth_router
api\auth.py:14: in &lt;module&gt;
    from genesis.genesis_key_service import get_genesis_service
genesis\genesis_key_service.py:23: in &lt;module&gt;
    from version_control.git_service import GitService
version_control\git_service.py:9: in &lt;module&gt;
    from dulwich.repo import Repo
E   ModuleNotFoundError: No module named 'dulwich'</error></testcase><testcase classname="" name="tests.test_auto_ingest" time="0.000"><error message="collection failure">Using pytest.skip outside of a test will skip the entire module. If that's your intention, pass `allow_module_level=True`. If you want to skip a specific test or an entire class, use the @pytest.mark.skip or @pytest.mark.skipif decorators.</error></testcase><testcase classname="" name="tests.test_autonomous_healing_simulation" time="0.000"><error message="collection failure">ImportError while importing test module 'C:\Users\aaron\Desktop\grace-3.1--Aaron-new2\backend\tests\test_autonomous_healing_simulation.py'.
Hint: make sure your test modules/packages have valid Python names.
Traceback:
..\..\..\AppData\Local\Programs\Python\Python311\Lib\importlib\__init__.py:126: in import_module
    return _bootstrap._gcd_import(name[level:], package, level)
           ^^^^^^^^^^^^^^^^^^^^^^^^^^^^^^^^^^^^^^^^^^^^^^^^^^^^
tests\test_autonomous_healing_simulation.py:5: in &lt;module&gt;
    from cognitive.autonomous_healing_system import (
cognitive\autonomous_healing_system.py:26: in &lt;module&gt;
    from genesis.healing_system import get_healing_system
genesis\healing_system.py:18: in &lt;module&gt;
    from genesis.genesis_key_service import get_genesis_service
genesis\genesis_key_service.py:23: in &lt;module&gt;
    from version_control.git_service import GitService
version_control\git_service.py:9: in &lt;module&gt;
    from dulwich.repo import Repo
E   ModuleNotFoundError: No module named 'dulwich'</error></testcase><testcase classname="" name="tests.test_cognitive_layer1" time="0.000"><error message="collection failure">ImportError while importing test module 'C:\Users\aaron\Desktop\grace-3.1--Aaron-new2\backend\tests\test_cognitive_layer1.py'.
Hint: make sure your test modules/packages have valid Python names.
Traceback:
..\..\..\AppData\Local\Programs\Python\Python311\Lib\importlib\__init__.py:126: in import_module
    return _bootstrap._gcd_import(name[level:], package, level)
           ^^^^^^^^^^^^^^^^^^^^^^^^^^^^^^^^^^^^^^^^^^^^^^^^^^^^
tests\test_cognitive_layer1.py:22: in &lt;module&gt;
    from genesis.cognitive_layer1_integration import get_cognitive_layer1_integration
genesis\cognitive_layer1_integration.py:19: in &lt;module&gt;
    from genesis.layer1_integration import Layer1Integration
genesis\layer1_integration.py:25: in &lt;module&gt;
    from genesis.pipeline_integration import get_data_pipeline
genesis\pipeline_integration.py:14: in &lt;module&gt;
    from genesis.genesis_key_service import get_genesis_service
genesis\genesis_key_service.py:23: in &lt;module&gt;
    from version_control.git_service import GitService
version_control\git_service.py:9: in &lt;module&gt;
    from dulwich.repo import Repo
E   ModuleNotFoundError: No module named 'dulwich'</error></testcase><testcase classname="" name="tests.test_document_download" time="0.000"><error message="collection failure">ImportError while importing test module 'C:\Users\aaron\Desktop\grace-3.1--Aaron-new2\backend\tests\test_document_download.py'.
Hint: make sure your test modules/packages have valid Python names.
Traceback:
..\..\..\AppData\Local\Programs\Python\Python311\Lib\importlib\__init__.py:126: in import_module
    return _bootstrap._gcd_import(name[level:], package, level)
           ^^^^^^^^^^^^^^^^^^^^^^^^^^^^^^^^^^^^^^^^^^^^^^^^^^^^
tests\test_document_download.py:18: in &lt;module&gt;
    from scraping.url_validator import URLValidator
scraping\__init__.py:8: in &lt;module&gt;
    from .service import WebScrapingService
scraping\service.py:12: in &lt;module&gt;
    import trafilatura
E   ModuleNotFoundError: No module named 'trafilatura'</error></testcase><testcase classname="" name="tests.test_drive_support" time="0.000"><error message="collection failure">ImportError while importing test module 'C:\Users\aaron\Desktop\grace-3.1--Aaron-new2\backend\tests\test_drive_support.py'.
Hint: make sure your test modules/packages have valid Python names.
Traceback:
..\..\..\AppData\Local\Programs\Python\Python311\Lib\importlib\__init__.py:126: in import_module
    return _bootstrap._gcd_import(name[level:], package, level)
           ^^^^^^^^^^^^^^^^^^^^^^^^^^^^^^^^^^^^^^^^^^^^^^^^^^^^
tests\test_drive_support.py:12: in &lt;module&gt;
    from scraping.url_validator import URLValidator
scraping\__init__.py:8: in &lt;module&gt;
    from .service import WebScrapingService
scraping\service.py:12: in &lt;module&gt;
    import trafilatura
E   ModuleNotFoundError: No module named 'trafilatura'</error></testcase><testcase classname="" name="tests.test_genesis_pipeline" time="0.000"><error message="collection failure">ImportError while importing test module 'C:\Users\aaron\Desktop\grace-3.1--Aaron-new2\backend\tests\test_genesis_pipeline.py'.
Hint: make sure your test modules/packages have valid Python names.
Traceback:
..\..\..\AppData\Local\Programs\Python\Python311\Lib\importlib\__init__.py:126: in import_module
    return _bootstrap._gcd_import(name[level:], package, level)
           ^^^^^^^^^^^^^^^^^^^^^^^^^^^^^^^^^^^^^^^^^^^^^^^^^^^^
tests\test_genesis_pipeline.py:14: in &lt;module&gt;
    from genesis.genesis_key_service import get_genesis_service
genesis\genesis_key_service.py:23: in &lt;module&gt;
    from version_control.git_service import GitService
version_control\git_service.py:9: in &lt;module&gt;
    from dulwich.repo import Repo
E   ModuleNotFoundError: No module named 'dulwich'</error></testcase><testcase classname="" name="tests.test_grace_planning_api" time="0.000"><error message="collection failure">ImportError while importing test module 'C:\Users\aaron\Desktop\grace-3.1--Aaron-new2\backend\tests\test_grace_planning_api.py'.
Hint: make sure your test modules/packages have valid Python names.
Traceback:
..\..\..\AppData\Local\Programs\Python\Python311\Lib\importlib\__init__.py:126: in import_module
    return _bootstrap._gcd_import(name[level:], package, level)
           ^^^^^^^^^^^^^^^^^^^^^^^^^^^^^^^^^^^^^^^^^^^^^^^^^^^^
tests\test_grace_planning_api.py:12: in &lt;module&gt;
    from api.grace_planning_api import (
E   ModuleNotFoundError: No module named 'api.grace_planning_api'</error></testcase><testcase classname="" name="tests.test_grace_todos_api" time="0.000"><error message="collection failure">ImportError while importing test module 'C:\Users\aaron\Desktop\grace-3.1--Aaron-new2\backend\tests\test_grace_todos_api.py'.
Hint: make sure your test modules/packages have valid Python names.
Traceback:
..\..\..\AppData\Local\Programs\Python\Python311\Lib\importlib\__init__.py:126: in import_module
    return _bootstrap._gcd_import(name[level:], package, level)
           ^^^^^^^^^^^^^^^^^^^^^^^^^^^^^^^^^^^^^^^^^^^^^^^^^^^^
tests\test_grace_todos_api.py:13: in &lt;module&gt;
    from api.grace_todos_api import (
E   ModuleNotFoundError: No module named 'api.grace_todos_api'</error></testcase><testcase classname="" name="tests.test_grace_todos_integration" time="0.000"><error message="collection failure">ImportError while importing test module 'C:\Users\aaron\Desktop\grace-3.1--Aaron-new2\backend\tests\test_grace_todos_integration.py'.
Hint: make sure your test modules/packages have valid Python names.
Traceback:
..\..\..\AppData\Local\Programs\Python\Python311\Lib\importlib\__init__.py:126: in import_module
    return _bootstrap._gcd_import(name[level:], package, level)
           ^^^^^^^^^^^^^^^^^^^^^^^^^^^^^^^^^^^^^^^^^^^^^^^^^^^^
tests\test_grace_todos_integration.py:27: in &lt;module&gt;
    from api.grace_todos_api import (
E   ModuleNotFoundError: No module named 'api.grace_todos_api'</error></testcase><testcase classname="" name="tests.test_magma_relation_graphs" time="0.000"><error message="collection failure">ImportError while importing test module 'C:\Users\aaron\Desktop\grace-3.1--Aaron-new2\backend\tests\test_magma_relation_graphs.py'.
Hint: make sure your test modules/packages have valid Python names.
Traceback:
..\..\..\..\AppData\Local\Programs\Python\Python311\Lib\importlib\__init__.py:126: in import_module
    return _bootstrap._gcd_import(name[level:], package, level)
           ^^^^^^^^^^^^^^^^^^^^^^^^^^^^^^^^^^^^^^^^^^^^^^^^^^^^
test_magma_relation_graphs.py:19: in &lt;module&gt;
    from cognitive.magma.relation_graphs import (
E   ModuleNotFoundError: No module named 'cognitive.magma'; 'cognitive' is not a package</error></testcase><testcase classname="" name="tests.test_memory_mesh_scalability" time="0.000"><error message="collection failure">ImportError while importing test module 'C:\Users\aaron\Desktop\grace-3.1--Aaron-new2\backend\tests\test_memory_mesh_scalability.py'.
Hint: make sure your test modules/packages have valid Python names.
Traceback:
..\..\..\..\AppData\Local\Programs\Python\Python311\Lib\importlib\__init__.py:126: in import_module
    return _bootstrap._gcd_import(name[level:], package, level)
           ^^^^^^^^^^^^^^^^^^^^^^^^^^^^^^^^^^^^^^^^^^^^^^^^^^^^
test_memory_mesh_scalability.py:24: in &lt;module&gt;
    from cognitive.memory_mesh_cache import get_memory_mesh_cache
E   ModuleNotFoundError: No module named 'cognitive.memory_mesh_cache'; 'cognitive' is not a package</error></testcase><testcase classname="" name="tests.test_sample_cat_url" time="0.000"><error message="collection failure">ImportError while importing test module 'C:\Users\aaron\Desktop\grace-3.1--Aaron-new2\backend\tests\test_sample_cat_url.py'.
Hint: make sure your test modules/packages have valid Python names.
Traceback:
..\..\..\..\AppData\Local\Programs\Python\Python311\Lib\importlib\__init__.py:126: in import_module
    return _bootstrap._gcd_import(name[level:], package, level)
           ^^^^^^^^^^^^^^^^^^^^^^^^^^^^^^^^^^^^^^^^^^^^^^^^^^^^
test_sample_cat_url.py:8: in &lt;module&gt;
    from scraping.url_validator import URLValidator
..\scraping\__init__.py:8: in &lt;module&gt;
    from .service import WebScrapingService
..\scraping\service.py:12: in &lt;module&gt;
    import trafilatura
E   ModuleNotFoundError: No module named 'trafilatura'</error></testcase><testcase classname="" name="venv_gpu.Lib.site-packages.aiohttp.test_utils" time="0.000"><error message="collection failure">ImportError while importing test module 'C:\Users\aaron\Desktop\grace-3.1--Aaron-new2\backend\venv_gpu\Lib\site-packages\aiohttp\test_utils.py'.
Hint: make sure your test modules/packages have valid Python names.
Traceback:
..\..\..\..\AppData\Local\Programs\Python\Python311\Lib\importlib\__init__.py:126: in import_module
    return _bootstrap._gcd_import(name[level:], package, level)
           ^^^^^^^^^^^^^^^^^^^^^^^^^^^^^^^^^^^^^^^^^^^^^^^^^^^^
E   ModuleNotFoundError: No module named 'aiohttp.test_utils'; 'aiohttp' is not a package</error></testcase><testcase classname="" name="venv_gpu.Lib.site-packages.annotated_types.test_cases" time="0.000"><error message="collection failure">import file mismatch:
imported module 'annotated_types.test_cases' has this __file__ attribute:
  C:\Users\aaron\AppData\Local\Programs\Python\Python311\Lib\site-packages\annotated_types\test_cases.py
which is not the same as the test file we want to collect:
  C:\Users\aaron\Desktop\grace-3.1--Aaron-new2\backend\venv_gpu\Lib\site-packages\annotated_types\test_cases.py
HINT: remove __pycache__ / .pyc files and/or use a unique basename for your test file modules</error></testcase><testcase classname="" name="venv_gpu.Lib.site-packages.colorama.tests.ansi_test" time="0.000"><error message="collection failure">import file mismatch:
imported module 'colorama.tests.ansi_test' has this __file__ attribute:
  C:\Users\aaron\AppData\Local\Programs\Python\Python311\Lib\site-packages\colorama\tests\ansi_test.py
which is not the same as the test file we want to collect:
  C:\Users\aaron\Desktop\grace-3.1--Aaron-new2\backend\venv_gpu\Lib\site-packages\colorama\tests\ansi_test.py
HINT: remove __pycache__ / .pyc files and/or use a unique basename for your test file modules</error></testcase><testcase classname="" name="venv_gpu.Lib.site-packages.colorama.tests.ansitowin32_test" time="0.000"><error message="collection failure">import file mismatch:
imported module 'colorama.tests.ansitowin32_test' has this __file__ attribute:
  C:\Users\aaron\AppData\Local\Programs\Python\Python311\Lib\site-packages\colorama\tests\ansitowin32_test.py
which is not the same as the test file we want to collect:
  C:\Users\aaron\Desktop\grace-3.1--Aaron-new2\backend\venv_gpu\Lib\site-packages\colorama\tests\ansitowin32_test.py
HINT: remove __pycache__ / .pyc files and/or use a unique basename for your test file modules</error></testcase><testcase classname="" name="venv_gpu.Lib.site-packages.colorama.tests.initialise_test" time="0.000"><error message="collection failure">import file mismatch:
imported module 'colorama.tests.initialise_test' has this __file__ attribute:
  C:\Users\aaron\AppData\Local\Programs\Python\Python311\Lib\site-packages\colorama\tests\initialise_test.py
which is not the same as the test file we want to collect:
  C:\Users\aaron\Desktop\grace-3.1--Aaron-new2\backend\venv_gpu\Lib\site-packages\colorama\tests\initialise_test.py
HINT: remove __pycache__ / .pyc files and/or use a unique basename for your test file modules</error></testcase><testcase classname="" name="venv_gpu.Lib.site-packages.colorama.tests.isatty_test" time="0.000"><error message="collection failure">import file mismatch:
imported module 'colorama.tests.isatty_test' has this __file__ attribute:
  C:\Users\aaron\AppData\Local\Programs\Python\Python311\Lib\site-packages\colorama\tests\isatty_test.py
which is not the same as the test file we want to collect:
  C:\Users\aaron\Desktop\grace-3.1--Aaron-new2\backend\venv_gpu\Lib\site-packages\colorama\tests\isatty_test.py
HINT: remove __pycache__ / .pyc files and/or use a unique basename for your test file modules</error></testcase><testcase classname="" name="venv_gpu.Lib.site-packages.colorama.tests.winterm_test" time="0.000"><error message="collection failure">import file mismatch:
imported module 'colorama.tests.winterm_test' has this __file__ attribute:
  C:\Users\aaron\AppData\Local\Programs\Python\Python311\Lib\site-packages\colorama\tests\winterm_test.py
which is not the same as the test file we want to collect:
  C:\Users\aaron\Desktop\grace-3.1--Aaron-new2\backend\venv_gpu\Lib\site-packages\colorama\tests\winterm_test.py
HINT: remove __pycache__ / .pyc files and/or use a unique basename for your test file modules</error></testcase><testcase classname="" name="venv_gpu.Lib.site-packages.dulwich.tests.test_object_store" time="0.000"><error message="collection failure">ImportError while importing test module 'C:\Users\aaron\Desktop\grace-3.1--Aaron-new2\backend\venv_gpu\Lib\site-packages\dulwich\tests\test_object_store.py'.
Hint: make sure your test modules/packages have valid Python names.
Traceback:
..\..\..\..\AppData\Local\Programs\Python\Python311\Lib\importlib\__init__.py:126: in import_module
    return _bootstrap._gcd_import(name[level:], package, level)
           ^^^^^^^^^^^^^^^^^^^^^^^^^^^^^^^^^^^^^^^^^^^^^^^^^^^^
E   ModuleNotFoundError: No module named 'dulwich.tests'; 'dulwich' is not a package</error></testcase><testcase classname="" name="venv_gpu.Lib.site-packages.greenlet.tests.test_contextvars" time="0.000"><error message="collection failure">ImportError while importing test module 'C:\Users\aaron\Desktop\grace-3.1--Aaron-new2\backend\venv_gpu\Lib\site-packages\greenlet\tests\test_contextvars.py'.
Hint: make sure your test modules/packages have valid Python names.
Traceback:
..\..\..\..\AppData\Local\Programs\Python\Python311\Lib\importlib\__init__.py:126: in import_module
    return _bootstrap._gcd_import(name[level:], package, level)
           ^^^^^^^^^^^^^^^^^^^^^^^^^^^^^^^^^^^^^^^^^^^^^^^^^^^^
..\..\..\..\AppData\Local\Programs\Python\Python311\Lib\site-packages\greenlet\tests\__init__.py:25: in &lt;module&gt;
    from . import leakcheck
..\..\..\..\AppData\Local\Programs\Python\Python311\Lib\site-packages\greenlet\tests\leakcheck.py:34: in &lt;module&gt;
    import objgraph
E   ModuleNotFoundError: No module named 'objgraph'</error></testcase><testcase classname="" name="venv_gpu.Lib.site-packages.greenlet.tests.test_cpp" time="0.000"><error message="collection failure">ImportError while importing test module 'C:\Users\aaron\Desktop\grace-3.1--Aaron-new2\backend\venv_gpu\Lib\site-packages\greenlet\tests\test_cpp.py'.
Hint: make sure your test modules/packages have valid Python names.
Traceback:
..\..\..\..\AppData\Local\Programs\Python\Python311\Lib\importlib\__init__.py:126: in import_module
    return _bootstrap._gcd_import(name[level:], package, level)
           ^^^^^^^^^^^^^^^^^^^^^^^^^^^^^^^^^^^^^^^^^^^^^^^^^^^^
..\..\..\..\AppData\Local\Programs\Python\Python311\Lib\site-packages\greenlet\tests\__init__.py:25: in &lt;module&gt;
    from . import leakcheck
..\..\..\..\AppData\Local\Programs\Python\Python311\Lib\site-packages\greenlet\tests\leakcheck.py:34: in &lt;module&gt;
    import objgraph
E   ModuleNotFoundError: No module named 'objgraph'</error></testcase><testcase classname="" name="venv_gpu.Lib.site-packages.greenlet.tests.test_extension_interface" time="0.000"><error message="collection failure">ImportError while importing test module 'C:\Users\aaron\Desktop\grace-3.1--Aaron-new2\backend\venv_gpu\Lib\site-packages\greenlet\tests\test_extension_interface.py'.
Hint: make sure your test modules/packages have valid Python names.
Traceback:
..\..\..\..\AppData\Local\Programs\Python\Python311\Lib\importlib\__init__.py:126: in import_module
    return _bootstrap._gcd_import(name[level:], package, level)
           ^^^^^^^^^^^^^^^^^^^^^^^^^^^^^^^^^^^^^^^^^^^^^^^^^^^^
..\..\..\..\AppData\Local\Programs\Python\Python311\Lib\site-packages\greenlet\tests\__init__.py:25: in &lt;module&gt;
    from . import leakcheck
..\..\..\..\AppData\Local\Programs\Python\Python311\Lib\site-packages\greenlet\tests\leakcheck.py:34: in &lt;module&gt;
    import objgraph
E   ModuleNotFoundError: No module named 'objgraph'</error></testcase><testcase classname="" name="venv_gpu.Lib.site-packages.greenlet.tests.test_gc" time="0.000"><error message="collection failure">ImportError while importing test module 'C:\Users\aaron\Desktop\grace-3.1--Aaron-new2\backend\venv_gpu\Lib\site-packages\greenlet\tests\test_gc.py'.
Hint: make sure your test modules/packages have valid Python names.
Traceback:
..\..\..\..\AppData\Local\Programs\Python\Python311\Lib\importlib\__init__.py:126: in import_module
    return _bootstrap._gcd_import(name[level:], package, level)
           ^^^^^^^^^^^^^^^^^^^^^^^^^^^^^^^^^^^^^^^^^^^^^^^^^^^^
..\..\..\..\AppData\Local\Programs\Python\Python311\Lib\site-packages\greenlet\tests\__init__.py:25: in &lt;module&gt;
    from . import leakcheck
..\..\..\..\AppData\Local\Programs\Python\Python311\Lib\site-packages\greenlet\tests\leakcheck.py:34: in &lt;module&gt;
    import objgraph
E   ModuleNotFoundError: No module named 'objgraph'</error></testcase><testcase classname="" name="venv_gpu.Lib.site-packages.greenlet.tests.test_generator" time="0.000"><error message="collection failure">ImportError while importing test module 'C:\Users\aaron\Desktop\grace-3.1--Aaron-new2\backend\venv_gpu\Lib\site-packages\greenlet\tests\test_generator.py'.
Hint: make sure your test modules/packages have valid Python names.
Traceback:
..\..\..\..\AppData\Local\Programs\Python\Python311\Lib\importlib\__init__.py:126: in import_module
    return _bootstrap._gcd_import(name[level:], package, level)
           ^^^^^^^^^^^^^^^^^^^^^^^^^^^^^^^^^^^^^^^^^^^^^^^^^^^^
..\..\..\..\AppData\Local\Programs\Python\Python311\Lib\site-packages\greenlet\tests\__init__.py:25: in &lt;module&gt;
    from . import leakcheck
..\..\..\..\AppData\Local\Programs\Python\Python311\Lib\site-packages\greenlet\tests\leakcheck.py:34: in &lt;module&gt;
    import objgraph
E   ModuleNotFoundError: No module named 'objgraph'</error></testcase><testcase classname="" name="venv_gpu.Lib.site-packages.greenlet.tests.test_generator_nested" time="0.000"><error message="collection failure">ImportError while importing test module 'C:\Users\aaron\Desktop\grace-3.1--Aaron-new2\backend\venv_gpu\Lib\site-packages\greenlet\tests\test_generator_nested.py'.
Hint: make sure your test modules/packages have valid Python names.
Traceback:
..\..\..\..\AppData\Local\Programs\Python\Python311\Lib\importlib\__init__.py:126: in import_module
    return _bootstrap._gcd_import(name[level:], package, level)
           ^^^^^^^^^^^^^^^^^^^^^^^^^^^^^^^^^^^^^^^^^^^^^^^^^^^^
..\..\..\..\AppData\Local\Programs\Python\Python311\Lib\site-packages\greenlet\tests\__init__.py:25: in &lt;module&gt;
    from . import leakcheck
..\..\..\..\AppData\Local\Programs\Python\Python311\Lib\site-packages\greenlet\tests\leakcheck.py:34: in &lt;module&gt;
    import objgraph
E   ModuleNotFoundError: No module named 'objgraph'</error></testcase><testcase classname="" name="venv_gpu.Lib.site-packages.greenlet.tests.test_greenlet" time="0.000"><error message="collection failure">ImportError while importing test module 'C:\Users\aaron\Desktop\grace-3.1--Aaron-new2\backend\venv_gpu\Lib\site-packages\greenlet\tests\test_greenlet.py'.
Hint: make sure your test modules/packages have valid Python names.
Traceback:
..\..\..\..\AppData\Local\Programs\Python\Python311\Lib\importlib\__init__.py:126: in import_module
    return _bootstrap._gcd_import(name[level:], package, level)
           ^^^^^^^^^^^^^^^^^^^^^^^^^^^^^^^^^^^^^^^^^^^^^^^^^^^^
..\..\..\..\AppData\Local\Programs\Python\Python311\Lib\site-packages\greenlet\tests\__init__.py:25: in &lt;module&gt;
    from . import leakcheck
..\..\..\..\AppData\Local\Programs\Python\Python311\Lib\site-packages\greenlet\tests\leakcheck.py:34: in &lt;module&gt;
    import objgraph
E   ModuleNotFoundError: No module named 'objgraph'</error></testcase><testcase classname="" name="venv_gpu.Lib.site-packages.greenlet.tests.test_greenlet_trash" time="0.000"><error message="collection failure">ImportError while importing test module 'C:\Users\aaron\Desktop\grace-3.1--Aaron-new2\backend\venv_gpu\Lib\site-packages\greenlet\tests\test_greenlet_trash.py'.
Hint: make sure your test modules/packages have valid Python names.
Traceback:
..\..\..\..\AppData\Local\Programs\Python\Python311\Lib\importlib\__init__.py:126: in import_module
    return _bootstrap._gcd_import(name[level:], package, level)
           ^^^^^^^^^^^^^^^^^^^^^^^^^^^^^^^^^^^^^^^^^^^^^^^^^^^^
..\..\..\..\AppData\Local\Programs\Python\Python311\Lib\site-packages\greenlet\tests\__init__.py:25: in &lt;module&gt;
    from . import leakcheck
..\..\..\..\AppData\Local\Programs\Python\Python311\Lib\site-packages\greenlet\tests\leakcheck.py:34: in &lt;module&gt;
    import objgraph
E   ModuleNotFoundError: No module named 'objgraph'</error></testcase><testcase classname="" name="venv_gpu.Lib.site-packages.greenlet.tests.test_interpreter_shutdown" time="0.000"><error message="collection failure">ImportError while importing test module 'C:\Users\aaron\Desktop\grace-3.1--Aaron-new2\backend\venv_gpu\Lib\site-packages\greenlet\tests\test_interpreter_shutdown.py'.
Hint: make sure your test modules/packages have valid Python names.
Traceback:
..\..\..\..\AppData\Local\Programs\Python\Python311\Lib\importlib\__init__.py:126: in import_module
    return _bootstrap._gcd_import(name[level:], package, level)
           ^^^^^^^^^^^^^^^^^^^^^^^^^^^^^^^^^^^^^^^^^^^^^^^^^^^^
..\..\..\..\AppData\Local\Programs\Python\Python311\Lib\site-packages\greenlet\tests\__init__.py:25: in &lt;module&gt;
    from . import leakcheck
..\..\..\..\AppData\Local\Programs\Python\Python311\Lib\site-packages\greenlet\tests\leakcheck.py:34: in &lt;module&gt;
    import objgraph
E   ModuleNotFoundError: No module named 'objgraph'</error></testcase><testcase classname="" name="venv_gpu.Lib.site-packages.greenlet.tests.test_leaks" time="0.000"><error message="collection failure">ImportError while importing test module 'C:\Users\aaron\Desktop\grace-3.1--Aaron-new2\backend\venv_gpu\Lib\site-packages\greenlet\tests\test_leaks.py'.
Hint: make sure your test modules/packages have valid Python names.
Traceback:
..\..\..\..\AppData\Local\Programs\Python\Python311\Lib\importlib\__init__.py:126: in import_module
    return _bootstrap._gcd_import(name[level:], package, level)
           ^^^^^^^^^^^^^^^^^^^^^^^^^^^^^^^^^^^^^^^^^^^^^^^^^^^^
..\..\..\..\AppData\Local\Programs\Python\Python311\Lib\site-packages\greenlet\tests\__init__.py:25: in &lt;module&gt;
    from . import leakcheck
..\..\..\..\AppData\Local\Programs\Python\Python311\Lib\site-packages\greenlet\tests\leakcheck.py:34: in &lt;module&gt;
    import objgraph
E   ModuleNotFoundError: No module named 'objgraph'</error></testcase><testcase classname="" name="venv_gpu.Lib.site-packages.greenlet.tests.test_stack_saved" time="0.000"><error message="collection failure">ImportError while importing test module 'C:\Users\aaron\Desktop\grace-3.1--Aaron-new2\backend\venv_gpu\Lib\site-packages\greenlet\tests\test_stack_saved.py'.
Hint: make sure your test modules/packages have valid Python names.
Traceback:
..\..\..\..\AppData\Local\Programs\Python\Python311\Lib\importlib\__init__.py:126: in import_module
    return _bootstrap._gcd_import(name[level:], package, level)
           ^^^^^^^^^^^^^^^^^^^^^^^^^^^^^^^^^^^^^^^^^^^^^^^^^^^^
..\..\..\..\AppData\Local\Programs\Python\Python311\Lib\site-packages\greenlet\tests\__init__.py:25: in &lt;module&gt;
    from . import leakcheck
..\..\..\..\AppData\Local\Programs\Python\Python311\Lib\site-packages\greenlet\tests\leakcheck.py:34: in &lt;module&gt;
    import objgraph
E   ModuleNotFoundError: No module named 'objgraph'</error></testcase><testcase classname="" name="venv_gpu.Lib.site-packages.greenlet.tests.test_throw" time="0.000"><error message="collection failure">ImportError while importing test module 'C:\Users\aaron\Desktop\grace-3.1--Aaron-new2\backend\venv_gpu\Lib\site-packages\greenlet\tests\test_throw.py'.
Hint: make sure your test modules/packages have valid Python names.
Traceback:
..\..\..\..\AppData\Local\Programs\Python\Python311\Lib\importlib\__init__.py:126: in import_module
    return _bootstrap._gcd_import(name[level:], package, level)
           ^^^^^^^^^^^^^^^^^^^^^^^^^^^^^^^^^^^^^^^^^^^^^^^^^^^^
..\..\..\..\AppData\Local\Programs\Python\Python311\Lib\site-packages\greenlet\tests\__init__.py:25: in &lt;module&gt;
    from . import leakcheck
..\..\..\..\AppData\Local\Programs\Python\Python311\Lib\site-packages\greenlet\tests\leakcheck.py:34: in &lt;module&gt;
    import objgraph
E   ModuleNotFoundError: No module named 'objgraph'</error></testcase><testcase classname="" name="venv_gpu.Lib.site-packages.greenlet.tests.test_tracing" time="0.000"><error message="collection failure">ImportError while importing test module 'C:\Users\aaron\Desktop\grace-3.1--Aaron-new2\backend\venv_gpu\Lib\site-packages\greenlet\tests\test_tracing.py'.
Hint: make sure your test modules/packages have valid Python names.
Traceback:
..\..\..\..\AppData\Local\Programs\Python\Python311\Lib\importlib\__init__.py:126: in import_module
    return _bootstrap._gcd_import(name[level:], package, level)
           ^^^^^^^^^^^^^^^^^^^^^^^^^^^^^^^^^^^^^^^^^^^^^^^^^^^^
..\..\..\..\AppData\Local\Programs\Python\Python311\Lib\site-packages\greenlet\tests\__init__.py:25: in &lt;module&gt;
    from . import leakcheck
..\..\..\..\AppData\Local\Programs\Python\Python311\Lib\site-packages\greenlet\tests\leakcheck.py:34: in &lt;module&gt;
    import objgraph
E   ModuleNotFoundError: No module named 'objgraph'</error></testcase><testcase classname="" name="venv_gpu.Lib.site-packages.greenlet.tests.test_version" time="0.000"><error message="collection failure">ImportError while importing test module 'C:\Users\aaron\Desktop\grace-3.1--Aaron-new2\backend\venv_gpu\Lib\site-packages\greenlet\tests\test_version.py'.
Hint: make sure your test modules/packages have valid Python names.
Traceback:
..\..\..\..\AppData\Local\Programs\Python\Python311\Lib\importlib\__init__.py:126: in import_module
    return _bootstrap._gcd_import(name[level:], package, level)
           ^^^^^^^^^^^^^^^^^^^^^^^^^^^^^^^^^^^^^^^^^^^^^^^^^^^^
..\..\..\..\AppData\Local\Programs\Python\Python311\Lib\site-packages\greenlet\tests\__init__.py:25: in &lt;module&gt;
    from . import leakcheck
..\..\..\..\AppData\Local\Programs\Python\Python311\Lib\site-packages\greenlet\tests\leakcheck.py:34: in &lt;module&gt;
    import objgraph
E   ModuleNotFoundError: No module named 'objgraph'</error></testcase><testcase classname="" name="venv_gpu.Lib.site-packages.greenlet.tests.test_weakref" time="0.000"><error message="collection failure">ImportError while importing test module 'C:\Users\aaron\Desktop\grace-3.1--Aaron-new2\backend\venv_gpu\Lib\site-packages\greenlet\tests\test_weakref.py'.
Hint: make sure your test modules/packages have valid Python names.
Traceback:
..\..\..\..\AppData\Local\Programs\Python\Python311\Lib\importlib\__init__.py:126: in import_module
    return _bootstrap._gcd_import(name[level:], package, level)
           ^^^^^^^^^^^^^^^^^^^^^^^^^^^^^^^^^^^^^^^^^^^^^^^^^^^^
..\..\..\..\AppData\Local\Programs\Python\Python311\Lib\site-packages\greenlet\tests\__init__.py:25: in &lt;module&gt;
    from . import leakcheck
..\..\..\..\AppData\Local\Programs\Python\Python311\Lib\site-packages\greenlet\tests\leakcheck.py:34: in &lt;module&gt;
    import objgraph
E   ModuleNotFoundError: No module named 'objgraph'</error></testcase><testcase classname="" name="venv_gpu.Lib.site-packages.joblib.test.test_backports" time="0.000"><error message="collection failure">import file mismatch:
imported module 'joblib.test.test_backports' has this __file__ attribute:
  C:\Users\aaron\AppData\Local\Programs\Python\Python311\Lib\site-packages\joblib\test\test_backports.py
which is not the same as the test file we want to collect:
  C:\Users\aaron\Desktop\grace-3.1--Aaron-new2\backend\venv_gpu\Lib\site-packages\joblib\test\test_backports.py
HINT: remove __pycache__ / .pyc files and/or use a unique basename for your test file modules</error></testcase><testcase classname="" name="venv_gpu.Lib.site-packages.joblib.test.test_cloudpickle_wrapper" time="0.000"><error message="collection failure">import file mismatch:
imported module 'joblib.test.test_cloudpickle_wrapper' has this __file__ attribute:
  C:\Users\aaron\AppData\Local\Programs\Python\Python311\Lib\site-packages\joblib\test\test_cloudpickle_wrapper.py
which is not the same as the test file we want to collect:
  C:\Users\aaron\Desktop\grace-3.1--Aaron-new2\backend\venv_gpu\Lib\site-packages\joblib\test\test_cloudpickle_wrapper.py
HINT: remove __pycache__ / .pyc files and/or use a unique basename for your test file modules</error></testcase><testcase classname="" name="venv_gpu.Lib.site-packages.joblib.test.test_config" time="0.000"><error message="collection failure">import file mismatch:
imported module 'joblib.test.test_config' has this __file__ attribute:
  C:\Users\aaron\AppData\Local\Programs\Python\Python311\Lib\site-packages\joblib\test\test_config.py
which is not the same as the test file we want to collect:
  C:\Users\aaron\Desktop\grace-3.1--Aaron-new2\backend\venv_gpu\Lib\site-packages\joblib\test\test_config.py
HINT: remove __pycache__ / .pyc files and/or use a unique basename for your test file modules</error></testcase><testcase classname="" name="venv_gpu.Lib.site-packages.joblib.test.test_dask" time="0.000"><skipped message="collection skipped">('C:\\Users\\aaron\\AppData\\Local\\Programs\\Python\\Python311\\Lib\\site-packages\\joblib\\test\\test_dask.py', 21, "Skipped: could not import 'distributed': No module named 'distributed'")</skipped></testcase><testcase classname="" name="venv_gpu.Lib.site-packages.joblib.test.test_disk" time="0.000"><error message="collection failure">import file mismatch:
imported module 'joblib.test.test_disk' has this __file__ attribute:
  C:\Users\aaron\AppData\Local\Programs\Python\Python311\Lib\site-packages\joblib\test\test_disk.py
which is not the same as the test file we want to collect:
  C:\Users\aaron\Desktop\grace-3.1--Aaron-new2\backend\venv_gpu\Lib\site-packages\joblib\test\test_disk.py
HINT: remove __pycache__ / .pyc files and/or use a unique basename for your test file modules</error></testcase><testcase classname="" name="venv_gpu.Lib.site-packages.joblib.test.test_func_inspect" time="0.000"><error message="collection failure">import file mismatch:
imported module 'joblib.test.test_func_inspect' has this __file__ attribute:
  C:\Users\aaron\AppData\Local\Programs\Python\Python311\Lib\site-packages\joblib\test\test_func_inspect.py
which is not the same as the test file we want to collect:
  C:\Users\aaron\Desktop\grace-3.1--Aaron-new2\backend\venv_gpu\Lib\site-packages\joblib\test\test_func_inspect.py
HINT: remove __pycache__ / .pyc files and/or use a unique basename for your test file modules</error></testcase><testcase classname="" name="venv_gpu.Lib.site-packages.joblib.test.test_func_inspect_special_encoding" time="0.000"><error message="collection failure">import file mismatch:
imported module 'joblib.test.test_func_inspect_special_encoding' has this __file__ attribute:
  C:\Users\aaron\AppData\Local\Programs\Python\Python311\Lib\site-packages\joblib\test\test_func_inspect_special_encoding.py
which is not the same as the test file we want to collect:
  C:\Users\aaron\Desktop\grace-3.1--Aaron-new2\backend\venv_gpu\Lib\site-packages\joblib\test\test_func_inspect_special_encoding.py
HINT: remove __pycache__ / .pyc files and/or use a unique basename for your test file modules</error></testcase><testcase classname="" name="venv_gpu.Lib.site-packages.joblib.test.test_hashing" time="0.000"><error message="collection failure">import file mismatch:
imported module 'joblib.test.test_hashing' has this __file__ attribute:
  C:\Users\aaron\AppData\Local\Programs\Python\Python311\Lib\site-packages\joblib\test\test_hashing.py
which is not the same as the test file we want to collect:
  C:\Users\aaron\Desktop\grace-3.1--Aaron-new2\backend\venv_gpu\Lib\site-packages\joblib\test\test_hashing.py
HINT: remove __pycache__ / .pyc files and/or use a unique basename for your test file modules</error></testcase><testcase classname="" name="venv_gpu.Lib.site-packages.joblib.test.test_init" time="0.000"><error message="collection failure">import file mismatch:
imported module 'joblib.test.test_init' has this __file__ attribute:
  C:\Users\aaron\AppData\Local\Programs\Python\Python311\Lib\site-packages\joblib\test\test_init.py
which is not the same as the test file we want to collect:
  C:\Users\aaron\Desktop\grace-3.1--Aaron-new2\backend\venv_gpu\Lib\site-packages\joblib\test\test_init.py
HINT: remove __pycache__ / .pyc files and/or use a unique basename for your test file modules</error></testcase><testcase classname="" name="venv_gpu.Lib.site-packages.joblib.test.test_logger" time="0.000"><error message="collection failure">import file mismatch:
imported module 'joblib.test.test_logger' has this __file__ attribute:
  C:\Users\aaron\AppData\Local\Programs\Python\Python311\Lib\site-packages\joblib\test\test_logger.py
which is not the same as the test file we want to collect:
  C:\Users\aaron\Desktop\grace-3.1--Aaron-new2\backend\venv_gpu\Lib\site-packages\joblib\test\test_logger.py
HINT: remove __pycache__ / .pyc files and/or use a unique basename for your test file modules</error></testcase><testcase classname="" name="venv_gpu.Lib.site-packages.joblib.test.test_memmapping" time="0.000"><error message="collection failure">import file mismatch:
imported module 'joblib.test.test_memmapping' has this __file__ attribute:
  C:\Users\aaron\AppData\Local\Programs\Python\Python311\Lib\site-packages\joblib\test\test_memmapping.py
which is not the same as the test file we want to collect:
  C:\Users\aaron\Desktop\grace-3.1--Aaron-new2\backend\venv_gpu\Lib\site-packages\joblib\test\test_memmapping.py
HINT: remove __pycache__ / .pyc files and/or use a unique basename for your test file modules</error></testcase><testcase classname="" name="venv_gpu.Lib.site-packages.joblib.test.test_memory" time="0.000"><error message="collection failure">import file mismatch:
imported module 'joblib.test.test_memory' has this __file__ attribute:
  C:\Users\aaron\AppData\Local\Programs\Python\Python311\Lib\site-packages\joblib\test\test_memory.py
which is not the same as the test file we want to collect:
  C:\Users\aaron\Desktop\grace-3.1--Aaron-new2\backend\venv_gpu\Lib\site-packages\joblib\test\test_memory.py
HINT: remove __pycache__ / .pyc files and/or use a unique basename for your test file modules</error></testcase><testcase classname="" name="venv_gpu.Lib.site-packages.joblib.test.test_memory_async" time="0.000"><error message="collection failure">import file mismatch:
imported module 'joblib.test.test_memory_async' has this __file__ attribute:
  C:\Users\aaron\AppData\Local\Programs\Python\Python311\Lib\site-packages\joblib\test\test_memory_async.py
which is not the same as the test file we want to collect:
  C:\Users\aaron\Desktop\grace-3.1--Aaron-new2\backend\venv_gpu\Lib\site-packages\joblib\test\test_memory_async.py
HINT: remove __pycache__ / .pyc files and/or use a unique basename for your test file modules</error></testcase><testcase classname="" name="venv_gpu.Lib.site-packages.joblib.test.test_missing_multiprocessing" time="0.000"><error message="collection failure">import file mismatch:
imported module 'joblib.test.test_missing_multiprocessing' has this __file__ attribute:
  C:\Users\aaron\AppData\Local\Programs\Python\Python311\Lib\site-packages\joblib\test\test_missing_multiprocessing.py
which is not the same as the test file we want to collect:
  C:\Users\aaron\Desktop\grace-3.1--Aaron-new2\backend\venv_gpu\Lib\site-packages\joblib\test\test_missing_multiprocessing.py
HINT: remove __pycache__ / .pyc files and/or use a unique basename for your test file modules</error></testcase><testcase classname="" name="venv_gpu.Lib.site-packages.joblib.test.test_module" time="0.000"><error message="collection failure">import file mismatch:
imported module 'joblib.test.test_module' has this __file__ attribute:
  C:\Users\aaron\AppData\Local\Programs\Python\Python311\Lib\site-packages\joblib\test\test_module.py
which is not the same as the test file we want to collect:
  C:\Users\aaron\Desktop\grace-3.1--Aaron-new2\backend\venv_gpu\Lib\site-packages\joblib\test\test_module.py
HINT: remove __pycache__ / .pyc files and/or use a unique basename for your test file modules</error></testcase><testcase classname="" name="venv_gpu.Lib.site-packages.joblib.test.test_numpy_pickle" time="0.000"><error message="collection failure">import file mismatch:
imported module 'joblib.test.test_numpy_pickle' has this __file__ attribute:
  C:\Users\aaron\AppData\Local\Programs\Python\Python311\Lib\site-packages\joblib\test\test_numpy_pickle.py
which is not the same as the test file we want to collect:
  C:\Users\aaron\Desktop\grace-3.1--Aaron-new2\backend\venv_gpu\Lib\site-packages\joblib\test\test_numpy_pickle.py
HINT: remove __pycache__ / .pyc files and/or use a unique basename for your test file modules</error></testcase><testcase classname="" name="venv_gpu.Lib.site-packages.joblib.test.test_numpy_pickle_compat" time="0.000"><error message="collection failure">import file mismatch:
imported module 'joblib.test.test_numpy_pickle_compat' has this __file__ attribute:
  C:\Users\aaron\AppData\Local\Programs\Python\Python311\Lib\site-packages\joblib\test\test_numpy_pickle_compat.py
which is not the same as the test file we want to collect:
  C:\Users\aaron\Desktop\grace-3.1--Aaron-new2\backend\venv_gpu\Lib\site-packages\joblib\test\test_numpy_pickle_compat.py
HINT: remove __pycache__ / .pyc files and/or use a unique basename for your test file modules</error></testcase><testcase classname="" name="venv_gpu.Lib.site-packages.joblib.test.test_numpy_pickle_utils" time="0.000"><error message="collection failure">import file mismatch:
imported module 'joblib.test.test_numpy_pickle_utils' has this __file__ attribute:
  C:\Users\aaron\AppData\Local\Programs\Python\Python311\Lib\site-packages\joblib\test\test_numpy_pickle_utils.py
which is not the same as the test file we want to collect:
  C:\Users\aaron\Desktop\grace-3.1--Aaron-new2\backend\venv_gpu\Lib\site-packages\joblib\test\test_numpy_pickle_utils.py
HINT: remove __pycache__ / .pyc files and/or use a unique basename for your test file modules</error></testcase><testcase classname="" name="venv_gpu.Lib.site-packages.joblib.test.test_parallel" time="0.000"><error message="collection failure">import file mismatch:
imported module 'joblib.test.test_parallel' has this __file__ attribute:
  C:\Users\aaron\AppData\Local\Programs\Python\Python311\Lib\site-packages\joblib\test\test_parallel.py
which is not the same as the test file we want to collect:
  C:\Users\aaron\Desktop\grace-3.1--Aaron-new2\backend\venv_gpu\Lib\site-packages\joblib\test\test_parallel.py
HINT: remove __pycache__ / .pyc files and/or use a unique basename for your test file modules</error></testcase><testcase classname="" name="venv_gpu.Lib.site-packages.joblib.test.test_store_backends" time="0.000"><error message="collection failure">import file mismatch:
imported module 'joblib.test.test_store_backends' has this __file__ attribute:
  C:\Users\aaron\AppData\Local\Programs\Python\Python311\Lib\site-packages\joblib\test\test_store_backends.py
which is not the same as the test file we want to collect:
  C:\Users\aaron\Desktop\grace-3.1--Aaron-new2\backend\venv_gpu\Lib\site-packages\joblib\test\test_store_backends.py
HINT: remove __pycache__ / .pyc files and/or use a unique basename for your test file modules</error></testcase><testcase classname="" name="venv_gpu.Lib.site-packages.joblib.test.test_testing" time="0.000"><error message="collection failure">import file mismatch:
imported module 'joblib.test.test_testing' has this __file__ attribute:
  C:\Users\aaron\AppData\Local\Programs\Python\Python311\Lib\site-packages\joblib\test\test_testing.py
which is not the same as the test file we want to collect:
  C:\Users\aaron\Desktop\grace-3.1--Aaron-new2\backend\venv_gpu\Lib\site-packages\joblib\test\test_testing.py
HINT: remove __pycache__ / .pyc files and/or use a unique basename for your test file modules</error></testcase><testcase classname="" name="venv_gpu.Lib.site-packages.joblib.test.test_utils" time="0.000"><error message="collection failure">import file mismatch:
imported module 'joblib.test.test_utils' has this __file__ attribute:
  C:\Users\aaron\AppData\Local\Programs\Python\Python311\Lib\site-packages\joblib\test\test_utils.py
which is not the same as the test file we want to collect:
  C:\Users\aaron\Desktop\grace-3.1--Aaron-new2\backend\venv_gpu\Lib\site-packages\joblib\test\test_utils.py
HINT: remove __pycache__ / .pyc files and/or use a unique basename for your test file modules</error></testcase><testcase classname="" name="venv_gpu.Lib.site-packages.jsonschema.tests.test_cli" time="0.000"><error message="collection failure">ImportError while importing test module 'C:\Users\aaron\Desktop\grace-3.1--Aaron-new2\backend\venv_gpu\Lib\site-packages\jsonschema\tests\test_cli.py'.
Hint: make sure your test modules/packages have valid Python names.
Traceback:
..\..\..\..\AppData\Local\Programs\Python\Python311\Lib\importlib\__init__.py:126: in import_module
    return _bootstrap._gcd_import(name[level:], package, level)
           ^^^^^^^^^^^^^^^^^^^^^^^^^^^^^^^^^^^^^^^^^^^^^^^^^^^^
..\venv_gpu\Lib\site-packages\jsonschema\__init__.py:13: in &lt;module&gt;
    from jsonschema._format import FormatChecker
..\venv_gpu\Lib\site-packages\jsonschema\_format.py:11: in &lt;module&gt;
    from jsonschema.exceptions import FormatError
..\venv_gpu\Lib\site-packages\jsonschema\exceptions.py:15: in &lt;module&gt;
    from referencing.exceptions import Unresolvable as _Unresolvable
..\venv_gpu\Lib\site-packages\referencing\__init__.py:5: in &lt;module&gt;
    from referencing._core import Anchor, Registry, Resource, Specification
..\venv_gpu\Lib\site-packages\referencing\_core.py:9: in &lt;module&gt;
    from rpds import HashTrieMap, HashTrieSet, List
..\venv_gpu\Lib\site-packages\rpds\__init__.py:1: in &lt;module&gt;
    from .rpds import *
E   ModuleNotFoundError: No module named 'rpds.rpds'</error></testcase><testcase classname="" name="venv_gpu.Lib.site-packages.jsonschema.tests.test_deprecations" time="0.000"><error message="collection failure">ImportError while importing test module 'C:\Users\aaron\Desktop\grace-3.1--Aaron-new2\backend\venv_gpu\Lib\site-packages\jsonschema\tests\test_deprecations.py'.
Hint: make sure your test modules/packages have valid Python names.
Traceback:
..\..\..\..\AppData\Local\Programs\Python\Python311\Lib\importlib\__init__.py:126: in import_module
    return _bootstrap._gcd_import(name[level:], package, level)
           ^^^^^^^^^^^^^^^^^^^^^^^^^^^^^^^^^^^^^^^^^^^^^^^^^^^^
..\venv_gpu\Lib\site-packages\jsonschema\__init__.py:13: in &lt;module&gt;
    from jsonschema._format import FormatChecker
..\venv_gpu\Lib\site-packages\jsonschema\_format.py:11: in &lt;module&gt;
    from jsonschema.exceptions import FormatError
..\venv_gpu\Lib\site-packages\jsonschema\exceptions.py:15: in &lt;module&gt;
    from referencing.exceptions import Unresolvable as _Unresolvable
..\venv_gpu\Lib\site-packages\referencing\__init__.py:5: in &lt;module&gt;
    from referencing._core import Anchor, Registry, Resource, Specification
..\venv_gpu\Lib\site-packages\referencing\_core.py:9: in &lt;module&gt;
    from rpds import HashTrieMap, HashTrieSet, List
..\venv_gpu\Lib\site-packages\rpds\__init__.py:1: in &lt;module&gt;
    from .rpds import *
E   ModuleNotFoundError: No module named 'rpds.rpds'</error></testcase><testcase classname="" name="venv_gpu.Lib.site-packages.jsonschema.tests.test_exceptions" time="0.000"><error message="collection failure">ImportError while importing test module 'C:\Users\aaron\Desktop\grace-3.1--Aaron-new2\backend\venv_gpu\Lib\site-packages\jsonschema\tests\test_exceptions.py'.
Hint: make sure your test modules/packages have valid Python names.
Traceback:
..\..\..\..\AppData\Local\Programs\Python\Python311\Lib\importlib\__init__.py:126: in import_module
    return _bootstrap._gcd_import(name[level:], package, level)
           ^^^^^^^^^^^^^^^^^^^^^^^^^^^^^^^^^^^^^^^^^^^^^^^^^^^^
..\venv_gpu\Lib\site-packages\jsonschema\__init__.py:13: in &lt;module&gt;
    from jsonschema._format import FormatChecker
..\venv_gpu\Lib\site-packages\jsonschema\_format.py:11: in &lt;module&gt;
    from jsonschema.exceptions import FormatError
..\venv_gpu\Lib\site-packages\jsonschema\exceptions.py:15: in &lt;module&gt;
    from referencing.exceptions import Unresolvable as _Unresolvable
..\venv_gpu\Lib\site-packages\referencing\__init__.py:5: in &lt;module&gt;
    from referencing._core import Anchor, Registry, Resource, Specification
..\venv_gpu\Lib\site-packages\referencing\_core.py:9: in &lt;module&gt;
    from rpds import HashTrieMap, HashTrieSet, List
..\venv_gpu\Lib\site-packages\rpds\__init__.py:1: in &lt;module&gt;
    from .rpds import *
E   ModuleNotFoundError: No module named 'rpds.rpds'</error></testcase><testcase classname="" name="venv_gpu.Lib.site-packages.jsonschema.tests.test_format" time="0.000"><error message="collection failure">ImportError while importing test module 'C:\Users\aaron\Desktop\grace-3.1--Aaron-new2\backend\venv_gpu\Lib\site-packages\jsonschema\tests\test_format.py'.
Hint: make sure your test modules/packages have valid Python names.
Traceback:
..\..\..\..\AppData\Local\Programs\Python\Python311\Lib\importlib\__init__.py:126: in import_module
    return _bootstrap._gcd_import(name[level:], package, level)
           ^^^^^^^^^^^^^^^^^^^^^^^^^^^^^^^^^^^^^^^^^^^^^^^^^^^^
..\venv_gpu\Lib\site-packages\jsonschema\__init__.py:13: in &lt;module&gt;
    from jsonschema._format import FormatChecker
..\venv_gpu\Lib\site-packages\jsonschema\_format.py:11: in &lt;module&gt;
    from jsonschema.exceptions import FormatError
..\venv_gpu\Lib\site-packages\jsonschema\exceptions.py:15: in &lt;module&gt;
    from referencing.exceptions import Unresolvable as _Unresolvable
..\venv_gpu\Lib\site-packages\referencing\__init__.py:5: in &lt;module&gt;
    from referencing._core import Anchor, Registry, Resource, Specification
..\venv_gpu\Lib\site-packages\referencing\_core.py:9: in &lt;module&gt;
    from rpds import HashTrieMap, HashTrieSet, List
..\venv_gpu\Lib\site-packages\rpds\__init__.py:1: in &lt;module&gt;
    from .rpds import *
E   ModuleNotFoundError: No module named 'rpds.rpds'</error></testcase><testcase classname="" name="venv_gpu.Lib.site-packages.jsonschema.tests.test_jsonschema_test_suite" time="0.000"><error message="collection failure">ImportError while importing test module 'C:\Users\aaron\Desktop\grace-3.1--Aaron-new2\backend\venv_gpu\Lib\site-packages\jsonschema\tests\test_jsonschema_test_suite.py'.
Hint: make sure your test modules/packages have valid Python names.
Traceback:
..\..\..\..\AppData\Local\Programs\Python\Python311\Lib\importlib\__init__.py:126: in import_module
    return _bootstrap._gcd_import(name[level:], package, level)
           ^^^^^^^^^^^^^^^^^^^^^^^^^^^^^^^^^^^^^^^^^^^^^^^^^^^^
..\venv_gpu\Lib\site-packages\jsonschema\__init__.py:13: in &lt;module&gt;
    from jsonschema._format import FormatChecker
..\venv_gpu\Lib\site-packages\jsonschema\_format.py:11: in &lt;module&gt;
    from jsonschema.exceptions import FormatError
..\venv_gpu\Lib\site-packages\jsonschema\exceptions.py:15: in &lt;module&gt;
    from referencing.exceptions import Unresolvable as _Unresolvable
..\venv_gpu\Lib\site-packages\referencing\__init__.py:5: in &lt;module&gt;
    from referencing._core import Anchor, Registry, Resource, Specification
..\venv_gpu\Lib\site-packages\referencing\_core.py:9: in &lt;module&gt;
    from rpds import HashTrieMap, HashTrieSet, List
..\venv_gpu\Lib\site-packages\rpds\__init__.py:1: in &lt;module&gt;
    from .rpds import *
E   ModuleNotFoundError: No module named 'rpds.rpds'</error></testcase><testcase classname="" name="venv_gpu.Lib.site-packages.jsonschema.tests.test_types" time="0.000"><error message="collection failure">ImportError while importing test module 'C:\Users\aaron\Desktop\grace-3.1--Aaron-new2\backend\venv_gpu\Lib\site-packages\jsonschema\tests\test_types.py'.
Hint: make sure your test modules/packages have valid Python names.
Traceback:
..\..\..\..\AppData\Local\Programs\Python\Python311\Lib\importlib\__init__.py:126: in import_module
    return _bootstrap._gcd_import(name[level:], package, level)
           ^^^^^^^^^^^^^^^^^^^^^^^^^^^^^^^^^^^^^^^^^^^^^^^^^^^^
..\venv_gpu\Lib\site-packages\jsonschema\__init__.py:13: in &lt;module&gt;
    from jsonschema._format import FormatChecker
..\venv_gpu\Lib\site-packages\jsonschema\_format.py:11: in &lt;module&gt;
    from jsonschema.exceptions import FormatError
..\venv_gpu\Lib\site-packages\jsonschema\exceptions.py:15: in &lt;module&gt;
    from referencing.exceptions import Unresolvable as _Unresolvable
..\venv_gpu\Lib\site-packages\referencing\__init__.py:5: in &lt;module&gt;
    from referencing._core import Anchor, Registry, Resource, Specification
..\venv_gpu\Lib\site-packages\referencing\_core.py:9: in &lt;module&gt;
    from rpds import HashTrieMap, HashTrieSet, List
..\venv_gpu\Lib\site-packages\rpds\__init__.py:1: in &lt;module&gt;
    from .rpds import *
E   ModuleNotFoundError: No module named 'rpds.rpds'</error></testcase><testcase classname="" name="venv_gpu.Lib.site-packages.jsonschema.tests.test_utils" time="0.000"><error message="collection failure">ImportError while importing test module 'C:\Users\aaron\Desktop\grace-3.1--Aaron-new2\backend\venv_gpu\Lib\site-packages\jsonschema\tests\test_utils.py'.
Hint: make sure your test modules/packages have valid Python names.
Traceback:
..\..\..\..\AppData\Local\Programs\Python\Python311\Lib\importlib\__init__.py:126: in import_module
    return _bootstrap._gcd_import(name[level:], package, level)
           ^^^^^^^^^^^^^^^^^^^^^^^^^^^^^^^^^^^^^^^^^^^^^^^^^^^^
..\venv_gpu\Lib\site-packages\jsonschema\__init__.py:13: in &lt;module&gt;
    from jsonschema._format import FormatChecker
..\venv_gpu\Lib\site-packages\jsonschema\_format.py:11: in &lt;module&gt;
    from jsonschema.exceptions import FormatError
..\venv_gpu\Lib\site-packages\jsonschema\exceptions.py:15: in &lt;module&gt;
    from referencing.exceptions import Unresolvable as _Unresolvable
..\venv_gpu\Lib\site-packages\referencing\__init__.py:5: in &lt;module&gt;
    from referencing._core import Anchor, Registry, Resource, Specification
..\venv_gpu\Lib\site-packages\referencing\_core.py:9: in &lt;module&gt;
    from rpds import HashTrieMap, HashTrieSet, List
..\venv_gpu\Lib\site-packages\rpds\__init__.py:1: in &lt;module&gt;
    from .rpds import *
E   ModuleNotFoundError: No module named 'rpds.rpds'</error></testcase><testcase classname="" name="venv_gpu.Lib.site-packages.jsonschema.tests.test_validators" time="0.000"><error message="collection failure">ImportError while importing test module 'C:\Users\aaron\Desktop\grace-3.1--Aaron-new2\backend\venv_gpu\Lib\site-packages\jsonschema\tests\test_validators.py'.
Hint: make sure your test modules/packages have valid Python names.
Traceback:
..\..\..\..\AppData\Local\Programs\Python\Python311\Lib\importlib\__init__.py:126: in import_module
    return _bootstrap._gcd_import(name[level:], package, level)
           ^^^^^^^^^^^^^^^^^^^^^^^^^^^^^^^^^^^^^^^^^^^^^^^^^^^^
..\venv_gpu\Lib\site-packages\jsonschema\__init__.py:13: in &lt;module&gt;
    from jsonschema._format import FormatChecker
..\venv_gpu\Lib\site-packages\jsonschema\_format.py:11: in &lt;module&gt;
    from jsonschema.exceptions import FormatError
..\venv_gpu\Lib\site-packages\jsonschema\exceptions.py:15: in &lt;module&gt;
    from referencing.exceptions import Unresolvable as _Unresolvable
..\venv_gpu\Lib\site-packages\referencing\__init__.py:5: in &lt;module&gt;
    from referencing._core import Anchor, Registry, Resource, Specification
..\venv_gpu\Lib\site-packages\referencing\_core.py:9: in &lt;module&gt;
    from rpds import HashTrieMap, HashTrieSet, List
..\venv_gpu\Lib\site-packages\rpds\__init__.py:1: in &lt;module&gt;
    from .rpds import *
E   ModuleNotFoundError: No module named 'rpds.rpds'</error></testcase><testcase classname="" name="venv_gpu.Lib.site-packages.jsonschema.tests.typing.test_all_concrete_validators_match_protocol" time="0.000"><error message="collection failure">ImportError while importing test module 'C:\Users\aaron\Desktop\grace-3.1--Aaron-new2\backend\venv_gpu\Lib\site-packages\jsonschema\tests\typing\test_all_concrete_validators_match_protocol.py'.
Hint: make sure your test modules/packages have valid Python names.
Traceback:
..\..\..\..\AppData\Local\Programs\Python\Python311\Lib\importlib\__init__.py:126: in import_module
    return _bootstrap._gcd_import(name[level:], package, level)
           ^^^^^^^^^^^^^^^^^^^^^^^^^^^^^^^^^^^^^^^^^^^^^^^^^^^^
..\venv_gpu\Lib\site-packages\jsonschema\__init__.py:13: in &lt;module&gt;
    from jsonschema._format import FormatChecker
..\venv_gpu\Lib\site-packages\jsonschema\_format.py:11: in &lt;module&gt;
    from jsonschema.exceptions import FormatError
..\venv_gpu\Lib\site-packages\jsonschema\exceptions.py:15: in &lt;module&gt;
    from referencing.exceptions import Unresolvable as _Unresolvable
..\venv_gpu\Lib\site-packages\referencing\__init__.py:5: in &lt;module&gt;
    from referencing._core import Anchor, Registry, Resource, Specification
..\venv_gpu\Lib\site-packages\referencing\_core.py:9: in &lt;module&gt;
    from rpds import HashTrieMap, HashTrieSet, List
..\venv_gpu\Lib\site-packages\rpds\__init__.py:1: in &lt;module&gt;
    from .rpds import *
E   ModuleNotFoundError: No module named 'rpds.rpds'</error></testcase><testcase classname="" name="venv_gpu.Lib.site-packages.jsonschema_specifications.tests.test_jsonschema_specifications" time="0.000"><error message="collection failure">ImportError while importing test module 'C:\Users\aaron\Desktop\grace-3.1--Aaron-new2\backend\venv_gpu\Lib\site-packages\jsonschema_specifications\tests\test_jsonschema_specifications.py'.
Hint: make sure your test modules/packages have valid Python names.
Traceback:
..\..\..\..\AppData\Local\Programs\Python\Python311\Lib\importlib\__init__.py:126: in import_module
    return _bootstrap._gcd_import(name[level:], package, level)
           ^^^^^^^^^^^^^^^^^^^^^^^^^^^^^^^^^^^^^^^^^^^^^^^^^^^^
..\venv_gpu\Lib\site-packages\jsonschema_specifications\__init__.py:5: in &lt;module&gt;
    from referencing.jsonschema import EMPTY_REGISTRY as _EMPTY_REGISTRY
..\venv_gpu\Lib\site-packages\referencing\__init__.py:5: in &lt;module&gt;
    from referencing._core import Anchor, Registry, Resource, Specification
..\venv_gpu\Lib\site-packages\referencing\_core.py:9: in &lt;module&gt;
    from rpds import HashTrieMap, HashTrieSet, List
..\venv_gpu\Lib\site-packages\rpds\__init__.py:1: in &lt;module&gt;
    from .rpds import *
E   ModuleNotFoundError: No module named 'rpds.rpds'</error></testcase><testcase classname="" name="venv_gpu.Lib.site-packages.networkx.algorithms.centrality.tests.test_group" time="0.000"><skipped message="collection skipped">('C:\\Users\\aaron\\Desktop\\grace-3.1--Aaron-new2\\backend\\venv_gpu\\Lib\\site-packages\\networkx\\algorithms\\centrality\\tests\\test_group.py', 106, "Skipped: could not import 'pandas': No module named 'pandas'")</skipped></testcase><testcase classname="" name="venv_gpu.Lib.site-packages.networkx.algorithms.tree.tests.test_branchings" time="0.000"><error message="collection failure">C:\Users\aaron\Desktop\grace-3.1--Aaron-new2\backend\venv_gpu\Lib\site-packages\networkx\algorithms\tree\tests\test_branchings.py:18: in &lt;module&gt;
    G_array = np.array([
E   TypeError: MockNumpy.array() got an unexpected keyword argument 'dtype'</error></testcase><testcase classname="" name="venv_gpu.Lib.site-packages.networkx.drawing.tests.test_agraph" time="0.000"><skipped message="collection skipped">('C:\\Users\\aaron\\Desktop\\grace-3.1--Aaron-new2\\backend\\venv_gpu\\Lib\\site-packages\\networkx\\drawing\\tests\\test_agraph.py', 10, "Skipped: could not import 'pygraphviz': No module named 'pygraphviz'")</skipped></testcase><testcase classname="" name="venv_gpu.Lib.site-packages.networkx.drawing.tests.test_image_comparison_pylab_mpl" time="0.000"><skipped message="collection skipped">('C:\\Users\\aaron\\Desktop\\grace-3.1--Aaron-new2\\backend\\venv_gpu\\Lib\\site-packages\\networkx\\drawing\\tests\\test_image_comparison_pylab_mpl.py', 7, "Skipped: could not import 'pytest_mpl': No module named 'pytest_mpl'")</skipped></testcase><testcase classname="" name="venv_gpu.Lib.site-packages.networkx.drawing.tests.test_pydot" time="0.000"><skipped message="collection skipped">('C:\\Users\\aaron\\Desktop\\grace-3.1--Aaron-new2\\backend\\venv_gpu\\Lib\\site-packages\\networkx\\drawing\\tests\\test_pydot.py', 10, "Skipped: could not import 'pydot': No module named 'pydot'")</skipped></testcase><testcase classname="" name="venv_gpu.Lib.site-packages.networkx.drawing.tests.test_pylab" time="0.000"><skipped message="collection skipped">('C:\\Users\\aaron\\Desktop\\grace-3.1--Aaron-new2\\backend\\venv_gpu\\Lib\\site-packages\\networkx\\drawing\\tests\\test_pylab.py', 11, "Skipped: could not import 'matplotlib': No module named 'matplotlib'")</skipped></testcase><testcase classname="" name="venv_gpu.Lib.site-packages.networkx.tests.test_convert_numpy" time="0.000"><error message="collection failure">C:\Users\aaron\Desktop\grace-3.1--Aaron-new2\backend\venv_gpu\Lib\site-packages\networkx\tests\test_convert_numpy.py:253: in &lt;module&gt;
    (nx.Graph(), np.array([[0, 1 + 2j], [1 + 2j, 0]], dtype=complex)),
                 ^^^^^^^^^^^^^^^^^^^^^^^^^^^^^^^^^^^^^^^^^^^^^^^^^^^
E   TypeError: MockNumpy.array() got an unexpected keyword argument 'dtype'</error></testcase><testcase classname="" name="venv_gpu.Lib.site-packages.networkx.tests.test_convert_pandas" time="0.000"><skipped message="collection skipped">('C:\\Users\\aaron\\Desktop\\grace-3.1--Aaron-new2\\backend\\venv_gpu\\Lib\\site-packages\\networkx\\tests\\test_convert_pandas.py', 7, "Skipped: could not import 'pandas': No module named 'pandas'")</skipped></testcase><testcase classname="" name="venv_gpu.Lib.site-packages.numpy" time="0.000"><error message="collection failure">C:\Users\aaron\AppData\Local\Programs\Python\Python311\Lib\importlib\__init__.py:126: in import_module
    return _bootstrap._gcd_import(name[level:], package, level)
           ^^^^^^^^^^^^^^^^^^^^^^^^^^^^^^^^^^^^^^^^^^^^^^^^^^^^
&lt;frozen importlib._bootstrap&gt;:1204: in _gcd_import
    ???
&lt;frozen importlib._bootstrap&gt;:1176: in _find_and_load
    ???
&lt;frozen importlib._bootstrap&gt;:1135: in _find_and_load_unlocked
    ???
E   ModuleNotFoundError: No module named 'numpy.conftest'; 'numpy' is not a package</error></testcase><testcase classname="" name="venv_gpu.Lib.site-packages.qdrant_client.hybrid.test_reranking" time="0.000"><error message="collection failure">import file mismatch:
imported module 'qdrant_client.hybrid.test_reranking' has this __file__ attribute:
  C:\Users\aaron\AppData\Local\Programs\Python\Python311\Lib\site-packages\qdrant_client\hybrid\test_reranking.py
which is not the same as the test file we want to collect:
  C:\Users\aaron\Desktop\grace-3.1--Aaron-new2\backend\venv_gpu\Lib\site-packages\qdrant_client\hybrid\test_reranking.py
HINT: remove __pycache__ / .pyc files and/or use a unique basename for your test file modules</error></testcase><testcase classname="" name="venv_gpu.Lib.site-packages.qdrant_client.local.tests.test_datetimes" time="0.000"><error message="collection failure">import file mismatch:
imported module 'qdrant_client.local.tests.test_datetimes' has this __file__ attribute:
  C:\Users\aaron\AppData\Local\Programs\Python\Python311\Lib\site-packages\qdrant_client\local\tests\test_datetimes.py
which is not the same as the test file we want to collect:
  C:\Users\aaron\Desktop\grace-3.1--Aaron-new2\backend\venv_gpu\Lib\site-packages\qdrant_client\local\tests\test_datetimes.py
HINT: remove __pycache__ / .pyc files and/or use a unique basename for your test file modules</error></testcase><testcase classname="" name="venv_gpu.Lib.site-packages.qdrant_client.local.tests.test_distances" time="0.000"><error message="collection failure">import file mismatch:
imported module 'qdrant_client.local.tests.test_distances' has this __file__ attribute:
  C:\Users\aaron\AppData\Local\Programs\Python\Python311\Lib\site-packages\qdrant_client\local\tests\test_distances.py
which is not the same as the test file we want to collect:
  C:\Users\aaron\Desktop\grace-3.1--Aaron-new2\backend\venv_gpu\Lib\site-packages\qdrant_client\local\tests\test_distances.py
HINT: remove __pycache__ / .pyc files and/or use a unique basename for your test file modules</error></testcase><testcase classname="" name="venv_gpu.Lib.site-packages.qdrant_client.local.tests.test_payload_filters" time="0.000"><error message="collection failure">import file mismatch:
imported module 'qdrant_client.local.tests.test_payload_filters' has this __file__ attribute:
  C:\Users\aaron\AppData\Local\Programs\Python\Python311\Lib\site-packages\qdrant_client\local\tests\test_payload_filters.py
which is not the same as the test file we want to collect:
  C:\Users\aaron\Desktop\grace-3.1--Aaron-new2\backend\venv_gpu\Lib\site-packages\qdrant_client\local\tests\test_payload_filters.py
HINT: remove __pycache__ / .pyc files and/or use a unique basename for your test file modules</error></testcase><testcase classname="" name="venv_gpu.Lib.site-packages.qdrant_client.local.tests.test_payload_utils" time="0.000"><error message="collection failure">import file mismatch:
imported module 'qdrant_client.local.tests.test_payload_utils' has this __file__ attribute:
  C:\Users\aaron\AppData\Local\Programs\Python\Python311\Lib\site-packages\qdrant_client\local\tests\test_payload_utils.py
which is not the same as the test file we want to collect:
  C:\Users\aaron\Desktop\grace-3.1--Aaron-new2\backend\venv_gpu\Lib\site-packages\qdrant_client\local\tests\test_payload_utils.py
HINT: remove __pycache__ / .pyc files and/or use a unique basename for your test file modules</error></testcase><testcase classname="" name="venv_gpu.Lib.site-packages.qdrant_client.local.tests.test_referenced_vectors" time="0.000"><error message="collection failure">import file mismatch:
imported module 'qdrant_client.local.tests.test_referenced_vectors' has this __file__ attribute:
  C:\Users\aaron\AppData\Local\Programs\Python\Python311\Lib\site-packages\qdrant_client\local\tests\test_referenced_vectors.py
which is not the same as the test file we want to collect:
  C:\Users\aaron\Desktop\grace-3.1--Aaron-new2\backend\venv_gpu\Lib\site-packages\qdrant_client\local\tests\test_referenced_vectors.py
HINT: remove __pycache__ / .pyc files and/or use a unique basename for your test file modules</error></testcase><testcase classname="" name="venv_gpu.Lib.site-packages.qdrant_client.local.tests.test_vectors" time="0.000"><error message="collection failure">import file mismatch:
imported module 'qdrant_client.local.tests.test_vectors' has this __file__ attribute:
  C:\Users\aaron\AppData\Local\Programs\Python\Python311\Lib\site-packages\qdrant_client\local\tests\test_vectors.py
which is not the same as the test file we want to collect:
  C:\Users\aaron\Desktop\grace-3.1--Aaron-new2\backend\venv_gpu\Lib\site-packages\qdrant_client\local\tests\test_vectors.py
HINT: remove __pycache__ / .pyc files and/or use a unique basename for your test file modules</error></testcase><testcase classname="" name="venv_gpu.Lib.site-packages.referencing.tests.test_core" time="0.000"><error message="collection failure">ImportError while importing test module 'C:\Users\aaron\Desktop\grace-3.1--Aaron-new2\backend\venv_gpu\Lib\site-packages\referencing\tests\test_core.py'.
Hint: make sure your test modules/packages have valid Python names.
Traceback:
..\..\..\..\AppData\Local\Programs\Python\Python311\Lib\importlib\__init__.py:126: in import_module
    return _bootstrap._gcd_import(name[level:], package, level)
           ^^^^^^^^^^^^^^^^^^^^^^^^^^^^^^^^^^^^^^^^^^^^^^^^^^^^
..\venv_gpu\Lib\site-packages\referencing\__init__.py:5: in &lt;module&gt;
    from referencing._core import Anchor, Registry, Resource, Specification
..\venv_gpu\Lib\site-packages\referencing\_core.py:9: in &lt;module&gt;
    from rpds import HashTrieMap, HashTrieSet, List
..\venv_gpu\Lib\site-packages\rpds\__init__.py:1: in &lt;module&gt;
    from .rpds import *
E   ModuleNotFoundError: No module named 'rpds.rpds'</error></testcase><testcase classname="" name="venv_gpu.Lib.site-packages.referencing.tests.test_exceptions" time="0.000"><error message="collection failure">ImportError while importing test module 'C:\Users\aaron\Desktop\grace-3.1--Aaron-new2\backend\venv_gpu\Lib\site-packages\referencing\tests\test_exceptions.py'.
Hint: make sure your test modules/packages have valid Python names.
Traceback:
..\..\..\..\AppData\Local\Programs\Python\Python311\Lib\importlib\__init__.py:126: in import_module
    return _bootstrap._gcd_import(name[level:], package, level)
           ^^^^^^^^^^^^^^^^^^^^^^^^^^^^^^^^^^^^^^^^^^^^^^^^^^^^
..\venv_gpu\Lib\site-packages\referencing\__init__.py:5: in &lt;module&gt;
    from referencing._core import Anchor, Registry, Resource, Specification
..\venv_gpu\Lib\site-packages\referencing\_core.py:9: in &lt;module&gt;
    from rpds import HashTrieMap, HashTrieSet, List
..\venv_gpu\Lib\site-packages\rpds\__init__.py:1: in &lt;module&gt;
    from .rpds import *
E   ModuleNotFoundError: No module named 'rpds.rpds'</error></testcase><testcase classname="" name="venv_gpu.Lib.site-packages.referencing.tests.test_jsonschema" time="0.000"><error message="collection failure">ImportError while importing test module 'C:\Users\aaron\Desktop\grace-3.1--Aaron-new2\backend\venv_gpu\Lib\site-packages\referencing\tests\test_jsonschema.py'.
Hint: make sure your test modules/packages have valid Python names.
Traceback:
..\..\..\..\AppData\Local\Programs\Python\Python311\Lib\importlib\__init__.py:126: in import_module
    return _bootstrap._gcd_import(name[level:], package, level)
           ^^^^^^^^^^^^^^^^^^^^^^^^^^^^^^^^^^^^^^^^^^^^^^^^^^^^
..\venv_gpu\Lib\site-packages\referencing\__init__.py:5: in &lt;module&gt;
    from referencing._core import Anchor, Registry, Resource, Specification
..\venv_gpu\Lib\site-packages\referencing\_core.py:9: in &lt;module&gt;
    from rpds import HashTrieMap, HashTrieSet, List
..\venv_gpu\Lib\site-packages\rpds\__init__.py:1: in &lt;module&gt;
    from .rpds import *
E   ModuleNotFoundError: No module named 'rpds.rpds'</error></testcase><testcase classname="" name="venv_gpu.Lib.site-packages.referencing.tests.test_referencing_suite" time="0.000"><error message="collection failure">ImportError while importing test module 'C:\Users\aaron\Desktop\grace-3.1--Aaron-new2\backend\venv_gpu\Lib\site-packages\referencing\tests\test_referencing_suite.py'.
Hint: make sure your test modules/packages have valid Python names.
Traceback:
..\..\..\..\AppData\Local\Programs\Python\Python311\Lib\importlib\__init__.py:126: in import_module
    return _bootstrap._gcd_import(name[level:], package, level)
           ^^^^^^^^^^^^^^^^^^^^^^^^^^^^^^^^^^^^^^^^^^^^^^^^^^^^
..\venv_gpu\Lib\site-packages\referencing\__init__.py:5: in &lt;module&gt;
    from referencing._core import Anchor, Registry, Resource, Specification
..\venv_gpu\Lib\site-packages\referencing\_core.py:9: in &lt;module&gt;
    from rpds import HashTrieMap, HashTrieSet, List
..\venv_gpu\Lib\site-packages\rpds\__init__.py:1: in &lt;module&gt;
    from .rpds import *
E   ModuleNotFoundError: No module named 'rpds.rpds'</error></testcase><testcase classname="" name="venv_gpu.Lib.site-packages.referencing.tests.test_retrieval" time="0.000"><error message="collection failure">ImportError while importing test module 'C:\Users\aaron\Desktop\grace-3.1--Aaron-new2\backend\venv_gpu\Lib\site-packages\referencing\tests\test_retrieval.py'.
Hint: make sure your test modules/packages have valid Python names.
Traceback:
..\..\..\..\AppData\Local\Programs\Python\Python311\Lib\importlib\__init__.py:126: in import_module
    return _bootstrap._gcd_import(name[level:], package, level)
           ^^^^^^^^^^^^^^^^^^^^^^^^^^^^^^^^^^^^^^^^^^^^^^^^^^^^
..\venv_gpu\Lib\site-packages\referencing\__init__.py:5: in &lt;module&gt;
    from referencing._core import Anchor, Registry, Resource, Specification
..\venv_gpu\Lib\site-packages\referencing\_core.py:9: in &lt;module&gt;
    from rpds import HashTrieMap, HashTrieSet, List
..\venv_gpu\Lib\site-packages\rpds\__init__.py:1: in &lt;module&gt;
    from .rpds import *
E   ModuleNotFoundError: No module named 'rpds.rpds'</error></testcase><testcase classname="" name="venv_gpu.Lib.site-packages.scipy" time="0.000"><error message="collection failure">C:\Users\aaron\AppData\Local\Programs\Python\Python311\Lib\importlib\__init__.py:126: in import_module
    return _bootstrap._gcd_import(name[level:], package, level)
           ^^^^^^^^^^^^^^^^^^^^^^^^^^^^^^^^^^^^^^^^^^^^^^^^^^^^
&lt;frozen importlib._bootstrap&gt;:1204: in _gcd_import
    ???
&lt;frozen importlib._bootstrap&gt;:1176: in _find_and_load
    ???
&lt;frozen importlib._bootstrap&gt;:1147: in _find_and_load_unlocked
    ???
&lt;frozen importlib._bootstrap&gt;:690: in _load_unlocked
    ???
C:\Users\aaron\AppData\Local\Programs\Python\Python311\Lib\site-packages\_pytest\assertion\rewrite.py:197: in exec_module
    exec(co, module.__dict__)
C:\Users\aaron\AppData\Local\Programs\Python\Python311\Lib\site-packages\scipy\conftest.py:11: in &lt;module&gt;
    import hypothesis
E   ModuleNotFoundError: No module named 'hypothesis'</error></testcase><testcase classname="" name="venv_gpu.Lib.site-packages.sklearn" time="0.000"><error message="collection failure">C:\Users\aaron\AppData\Local\Programs\Python\Python311\Lib\site-packages\_pytest\config\__init__.py:728: in _importconftest
    mod = import_path(
C:\Users\aaron\AppData\Local\Programs\Python\Python311\Lib\site-packages\_pytest\pathlib.py:610: in import_path
    raise ImportPathMismatchError(module_name, module_file, path)
E   _pytest.pathlib.ImportPathMismatchError: ('sklearn.conftest', 'C:\\Users\\aaron\\AppData\\Local\\Programs\\Python\\Python311\\Lib\\site-packages\\sklearn\\conftest.py', WindowsPath('C:/Users/aaron/Desktop/grace-3.1--Aaron-new2/backend/venv_gpu/Lib/site-packages/sklearn/conftest.py'))</error></testcase><testcase classname="" name="venv_gpu.Lib.site-packages.sniffio._tests.test_sniffio" time="0.000"><error message="collection failure">import file mismatch:
imported module 'sniffio._tests.test_sniffio' has this __file__ attribute:
  C:\Users\aaron\AppData\Local\Programs\Python\Python311\Lib\site-packages\sniffio\_tests\test_sniffio.py
which is not the same as the test file we want to collect:
  C:\Users\aaron\Desktop\grace-3.1--Aaron-new2\backend\venv_gpu\Lib\site-packages\sniffio\_tests\test_sniffio.py
HINT: remove __pycache__ / .pyc files and/or use a unique basename for your test file modules</error></testcase><testcase classname="" name="venv_gpu.Lib.site-packages.sqlalchemy.testing.suite.test_cte" time="0.000"><error message="collection failure">ImportError while importing test module 'C:\Users\aaron\Desktop\grace-3.1--Aaron-new2\backend\venv_gpu\Lib\site-packages\sqlalchemy\testing\suite\test_cte.py'.
Hint: make sure your test modules/packages have valid Python names.
Traceback:
..\..\..\..\AppData\Local\Programs\Python\Python311\Lib\importlib\__init__.py:126: in import_module
    return _bootstrap._gcd_import(name[level:], package, level)
           ^^^^^^^^^^^^^^^^^^^^^^^^^^^^^^^^^^^^^^^^^^^^^^^^^^^^
E   ModuleNotFoundError: No module named 'sqlalchemy.testing'; 'sqlalchemy' is not a package</error></testcase><testcase classname="" name="venv_gpu.Lib.site-packages.sqlalchemy.testing.suite.test_ddl" time="0.000"><error message="collection failure">ImportError while importing test module 'C:\Users\aaron\Desktop\grace-3.1--Aaron-new2\backend\venv_gpu\Lib\site-packages\sqlalchemy\testing\suite\test_ddl.py'.
Hint: make sure your test modules/packages have valid Python names.
Traceback:
..\..\..\..\AppData\Local\Programs\Python\Python311\Lib\importlib\__init__.py:126: in import_module
    return _bootstrap._gcd_import(name[level:], package, level)
           ^^^^^^^^^^^^^^^^^^^^^^^^^^^^^^^^^^^^^^^^^^^^^^^^^^^^
E   ModuleNotFoundError: No module named 'sqlalchemy.testing'; 'sqlalchemy' is not a package</error></testcase><testcase classname="" name="venv_gpu.Lib.site-packages.sqlalchemy.testing.suite.test_deprecations" time="0.000"><error message="collection failure">ImportError while importing test module 'C:\Users\aaron\Desktop\grace-3.1--Aaron-new2\backend\venv_gpu\Lib\site-packages\sqlalchemy\testing\suite\test_deprecations.py'.
Hint: make sure your test modules/packages have valid Python names.
Traceback:
..\..\..\..\AppData\Local\Programs\Python\Python311\Lib\importlib\__init__.py:126: in import_module
    return _bootstrap._gcd_import(name[level:], package, level)
           ^^^^^^^^^^^^^^^^^^^^^^^^^^^^^^^^^^^^^^^^^^^^^^^^^^^^
E   ModuleNotFoundError: No module named 'sqlalchemy.testing'; 'sqlalchemy' is not a package</error></testcase><testcase classname="" name="venv_gpu.Lib.site-packages.sqlalchemy.testing.suite.test_dialect" time="0.000"><error message="collection failure">ImportError while importing test module 'C:\Users\aaron\Desktop\grace-3.1--Aaron-new2\backend\venv_gpu\Lib\site-packages\sqlalchemy\testing\suite\test_dialect.py'.
Hint: make sure your test modules/packages have valid Python names.
Traceback:
..\..\..\..\AppData\Local\Programs\Python\Python311\Lib\importlib\__init__.py:126: in import_module
    return _bootstrap._gcd_import(name[level:], package, level)
           ^^^^^^^^^^^^^^^^^^^^^^^^^^^^^^^^^^^^^^^^^^^^^^^^^^^^
E   ModuleNotFoundError: No module named 'sqlalchemy.testing'; 'sqlalchemy' is not a package</error></testcase><testcase classname="" name="venv_gpu.Lib.site-packages.sqlalchemy.testing.suite.test_insert" time="0.000"><error message="collection failure">ImportError while importing test module 'C:\Users\aaron\Desktop\grace-3.1--Aaron-new2\backend\venv_gpu\Lib\site-packages\sqlalchemy\testing\suite\test_insert.py'.
Hint: make sure your test modules/packages have valid Python names.
Traceback:
..\..\..\..\AppData\Local\Programs\Python\Python311\Lib\importlib\__init__.py:126: in import_module
    return _bootstrap._gcd_import(name[level:], package, level)
           ^^^^^^^^^^^^^^^^^^^^^^^^^^^^^^^^^^^^^^^^^^^^^^^^^^^^
E   ModuleNotFoundError: No module named 'sqlalchemy.testing'; 'sqlalchemy' is not a package</error></testcase><testcase classname="" name="venv_gpu.Lib.site-packages.sqlalchemy.testing.suite.test_reflection" time="0.000"><error message="collection failure">ImportError while importing test module 'C:\Users\aaron\Desktop\grace-3.1--Aaron-new2\backend\venv_gpu\Lib\site-packages\sqlalchemy\testing\suite\test_reflection.py'.
Hint: make sure your test modules/packages have valid Python names.
Traceback:
..\..\..\..\AppData\Local\Programs\Python\Python311\Lib\importlib\__init__.py:126: in import_module
    return _bootstrap._gcd_import(name[level:], package, level)
           ^^^^^^^^^^^^^^^^^^^^^^^^^^^^^^^^^^^^^^^^^^^^^^^^^^^^
E   ModuleNotFoundError: No module named 'sqlalchemy.testing'; 'sqlalchemy' is not a package</error></testcase><testcase classname="" name="venv_gpu.Lib.site-packages.sqlalchemy.testing.suite.test_results" time="0.000"><error message="collection failure">ImportError while importing test module 'C:\Users\aaron\Desktop\grace-3.1--Aaron-new2\backend\venv_gpu\Lib\site-packages\sqlalchemy\testing\suite\test_results.py'.
Hint: make sure your test modules/packages have valid Python names.
Traceback:
..\..\..\..\AppData\Local\Programs\Python\Python311\Lib\importlib\__init__.py:126: in import_module
    return _bootstrap._gcd_import(name[level:], package, level)
           ^^^^^^^^^^^^^^^^^^^^^^^^^^^^^^^^^^^^^^^^^^^^^^^^^^^^
E   ModuleNotFoundError: No module named 'sqlalchemy.testing'; 'sqlalchemy' is not a package</error></testcase><testcase classname="" name="venv_gpu.Lib.site-packages.sqlalchemy.testing.suite.test_rowcount" time="0.000"><error message="collection failure">ImportError while importing test module 'C:\Users\aaron\Desktop\grace-3.1--Aaron-new2\backend\venv_gpu\Lib\site-packages\sqlalchemy\testing\suite\test_rowcount.py'.
Hint: make sure your test modules/packages have valid Python names.
Traceback:
..\..\..\..\AppData\Local\Programs\Python\Python311\Lib\importlib\__init__.py:126: in import_module
    return _bootstrap._gcd_import(name[level:], package, level)
           ^^^^^^^^^^^^^^^^^^^^^^^^^^^^^^^^^^^^^^^^^^^^^^^^^^^^
E   ModuleNotFoundError: No module named 'sqlalchemy.testing'; 'sqlalchemy' is not a package</error></testcase><testcase classname="" name="venv_gpu.Lib.site-packages.sqlalchemy.testing.suite.test_select" time="0.000"><error message="collection failure">ImportError while importing test module 'C:\Users\aaron\Desktop\grace-3.1--Aaron-new2\backend\venv_gpu\Lib\site-packages\sqlalchemy\testing\suite\test_select.py'.
Hint: make sure your test modules/packages have valid Python names.
Traceback:
..\..\..\..\AppData\Local\Programs\Python\Python311\Lib\importlib\__init__.py:126: in import_module
    return _bootstrap._gcd_import(name[level:], package, level)
           ^^^^^^^^^^^^^^^^^^^^^^^^^^^^^^^^^^^^^^^^^^^^^^^^^^^^
E   ModuleNotFoundError: No module named 'sqlalchemy.testing'; 'sqlalchemy' is not a package</error></testcase><testcase classname="" name="venv_gpu.Lib.site-packages.sqlalchemy.testing.suite.test_sequence" time="0.000"><error message="collection failure">ImportError while importing test module 'C:\Users\aaron\Desktop\grace-3.1--Aaron-new2\backend\venv_gpu\Lib\site-packages\sqlalchemy\testing\suite\test_sequence.py'.
Hint: make sure your test modules/packages have valid Python names.
Traceback:
..\..\..\..\AppData\Local\Programs\Python\Python311\Lib\importlib\__init__.py:126: in import_module
    return _bootstrap._gcd_import(name[level:], package, level)
           ^^^^^^^^^^^^^^^^^^^^^^^^^^^^^^^^^^^^^^^^^^^^^^^^^^^^
E   ModuleNotFoundError: No module named 'sqlalchemy.testing'; 'sqlalchemy' is not a package</error></testcase><testcase classname="" name="venv_gpu.Lib.site-packages.sqlalchemy.testing.suite.test_types" time="0.000"><error message="collection failure">ImportError while importing test module 'C:\Users\aaron\Desktop\grace-3.1--Aaron-new2\backend\venv_gpu\Lib\site-packages\sqlalchemy\testing\suite\test_types.py'.
Hint: make sure your test modules/packages have valid Python names.
Traceback:
..\..\..\..\AppData\Local\Programs\Python\Python311\Lib\importlib\__init__.py:126: in import_module
    return _bootstrap._gcd_import(name[level:], package, level)
           ^^^^^^^^^^^^^^^^^^^^^^^^^^^^^^^^^^^^^^^^^^^^^^^^^^^^
E   ModuleNotFoundError: No module named 'sqlalchemy.testing'; 'sqlalchemy' is not a package</error></testcase><testcase classname="" name="venv_gpu.Lib.site-packages.sqlalchemy.testing.suite.test_unicode_ddl" time="0.000"><error message="collection failure">ImportError while importing test module 'C:\Users\aaron\Desktop\grace-3.1--Aaron-new2\backend\venv_gpu\Lib\site-packages\sqlalchemy\testing\suite\test_unicode_ddl.py'.
Hint: make sure your test modules/packages have valid Python names.
Traceback:
..\..\..\..\AppData\Local\Programs\Python\Python311\Lib\importlib\__init__.py:126: in import_module
    return _bootstrap._gcd_import(name[level:], package, level)
           ^^^^^^^^^^^^^^^^^^^^^^^^^^^^^^^^^^^^^^^^^^^^^^^^^^^^
E   ModuleNotFoundError: No module named 'sqlalchemy.testing'; 'sqlalchemy' is not a package</error></testcase><testcase classname="" name="venv_gpu.Lib.site-packages.sqlalchemy.testing.suite.test_update_delete" time="0.000"><error message="collection failure">ImportError while importing test module 'C:\Users\aaron\Desktop\grace-3.1--Aaron-new2\backend\venv_gpu\Lib\site-packages\sqlalchemy\testing\suite\test_update_delete.py'.
Hint: make sure your test modules/packages have valid Python names.
Traceback:
..\..\..\..\AppData\Local\Programs\Python\Python311\Lib\importlib\__init__.py:126: in import_module
    return _bootstrap._gcd_import(name[level:], package, level)
           ^^^^^^^^^^^^^^^^^^^^^^^^^^^^^^^^^^^^^^^^^^^^^^^^^^^^
E   ModuleNotFoundError: No module named 'sqlalchemy.testing'; 'sqlalchemy' is not a package</error></testcase><testcase classname="" name="venv_gpu.Lib.site-packages.sympy" time="0.000"><error message="collection failure">C:\Users\aaron\Desktop\grace-3.1--Aaron-new2\backend\venv_gpu\Lib\site-packages\sympy\conftest.py:13: in &lt;module&gt;
    import hypothesis
E   ModuleNotFoundError: No module named 'hypothesis'

During handling of the above exception, another exception occurred:
C:\Users\aaron\AppData\Local\Programs\Python\Python311\Lib\importlib\__init__.py:126: in import_module
    return _bootstrap._gcd_import(name[level:], package, level)
           ^^^^^^^^^^^^^^^^^^^^^^^^^^^^^^^^^^^^^^^^^^^^^^^^^^^^
&lt;frozen importlib._bootstrap&gt;:1204: in _gcd_import
    ???
&lt;frozen importlib._bootstrap&gt;:1176: in _find_and_load
    ???
&lt;frozen importlib._bootstrap&gt;:1147: in _find_and_load_unlocked
    ???
&lt;frozen importlib._bootstrap&gt;:690: in _load_unlocked
    ???
C:\Users\aaron\AppData\Local\Programs\Python\Python311\Lib\site-packages\_pytest\assertion\rewrite.py:197: in exec_module
    exec(co, module.__dict__)
C:\Users\aaron\Desktop\grace-3.1--Aaron-new2\backend\venv_gpu\Lib\site-packages\sympy\conftest.py:18: in &lt;module&gt;
    raise ImportError(
E   ImportError: hypothesis is a required dependency to run the SymPy test suite. Install it with 'pip install hypothesis' or 'conda install -c conda-forge hypothesis'</error></testcase><testcase classname="" name="venv_gpu.Lib.site-packages.tests.test_audio" time="0.000"><error message="collection failure">ImportError while importing test module 'C:\Users\aaron\Desktop\grace-3.1--Aaron-new2\backend\venv_gpu\Lib\site-packages\tests\test_audio.py'.
Hint: make sure your test modules/packages have valid Python names.
Traceback:
..\..\..\..\AppData\Local\Programs\Python\Python311\Lib\importlib\__init__.py:126: in import_module
    return _bootstrap._gcd_import(name[level:], package, level)
           ^^^^^^^^^^^^^^^^^^^^^^^^^^^^^^^^^^^^^^^^^^^^^^^^^^^^
E   ModuleNotFoundError: No module named 'tests.test_audio'</error></testcase><testcase classname="" name="venv_gpu.Lib.site-packages.tests.test_recognition" time="0.000"><error message="collection failure">ImportError while importing test module 'C:\Users\aaron\Desktop\grace-3.1--Aaron-new2\backend\venv_gpu\Lib\site-packages\tests\test_recognition.py'.
Hint: make sure your test modules/packages have valid Python names.
Traceback:
..\..\..\..\AppData\Local\Programs\Python\Python311\Lib\importlib\__init__.py:126: in import_module
    return _bootstrap._gcd_import(name[level:], package, level)
           ^^^^^^^^^^^^^^^^^^^^^^^^^^^^^^^^^^^^^^^^^^^^^^^^^^^^
E   ModuleNotFoundError: No module named 'tests.test_recognition'</error></testcase><testcase classname="" name="venv_gpu.Lib.site-packages.tests.test_special_features" time="0.000"><error message="collection failure">ImportError while importing test module 'C:\Users\aaron\Desktop\grace-3.1--Aaron-new2\backend\venv_gpu\Lib\site-packages\tests\test_special_features.py'.
Hint: make sure your test modules/packages have valid Python names.
Traceback:
..\..\..\..\AppData\Local\Programs\Python\Python311\Lib\importlib\__init__.py:126: in import_module
    return _bootstrap._gcd_import(name[level:], package, level)
           ^^^^^^^^^^^^^^^^^^^^^^^^^^^^^^^^^^^^^^^^^^^^^^^^^^^^
E   ModuleNotFoundError: No module named 'tests.test_special_features'</error></testcase><testcase classname="" name="venv_gpu.Lib.site-packages.tld.tests.test_core" time="0.000"><error message="collection failure">ImportError while importing test module 'C:\Users\aaron\Desktop\grace-3.1--Aaron-new2\backend\venv_gpu\Lib\site-packages\tld\tests\test_core.py'.
Hint: make sure your test modules/packages have valid Python names.
Traceback:
..\..\..\..\AppData\Local\Programs\Python\Python311\Lib\importlib\__init__.py:126: in import_module
    return _bootstrap._gcd_import(name[level:], package, level)
           ^^^^^^^^^^^^^^^^^^^^^^^^^^^^^^^^^^^^^^^^^^^^^^^^^^^^
..\venv_gpu\Lib\site-packages\tld\tests\test_core.py:11: in &lt;module&gt;
    from fake import FAKER
E   ModuleNotFoundError: No module named 'fake'</error></testcase><testcase classname="" name="venv_gpu.Lib.site-packages.torch._dynamo.test_case" time="0.000"><error message="collection failure">ImportError while importing test module 'C:\Users\aaron\Desktop\grace-3.1--Aaron-new2\backend\venv_gpu\Lib\site-packages\torch\_dynamo\test_case.py'.
Hint: make sure your test modules/packages have valid Python names.
Traceback:
..\..\..\..\AppData\Local\Programs\Python\Python311\Lib\importlib\__init__.py:126: in import_module
    return _bootstrap._gcd_import(name[level:], package, level)
           ^^^^^^^^^^^^^^^^^^^^^^^^^^^^^^^^^^^^^^^^^^^^^^^^^^^^
E   ModuleNotFoundError: No module named 'torch._dynamo'; 'torch' is not a package</error></testcase><testcase classname="" name="venv_gpu.Lib.site-packages.torch._dynamo.test_minifier_common" time="0.000"><error message="collection failure">ImportError while importing test module 'C:\Users\aaron\Desktop\grace-3.1--Aaron-new2\backend\venv_gpu\Lib\site-packages\torch\_dynamo\test_minifier_common.py'.
Hint: make sure your test modules/packages have valid Python names.
Traceback:
..\..\..\..\AppData\Local\Programs\Python\Python311\Lib\importlib\__init__.py:126: in import_module
    return _bootstrap._gcd_import(name[level:], package, level)
           ^^^^^^^^^^^^^^^^^^^^^^^^^^^^^^^^^^^^^^^^^^^^^^^^^^^^
E   ModuleNotFoundError: No module named 'torch._dynamo'; 'torch' is not a package</error></testcase><testcase classname="" name="venv_gpu.Lib.site-packages.torch._inductor.test_case" time="0.000"><error message="collection failure">ImportError while importing test module 'C:\Users\aaron\Desktop\grace-3.1--Aaron-new2\backend\venv_gpu\Lib\site-packages\torch\_inductor\test_case.py'.
Hint: make sure your test modules/packages have valid Python names.
Traceback:
..\..\..\..\AppData\Local\Programs\Python\Python311\Lib\importlib\__init__.py:126: in import_module
    return _bootstrap._gcd_import(name[level:], package, level)
           ^^^^^^^^^^^^^^^^^^^^^^^^^^^^^^^^^^^^^^^^^^^^^^^^^^^^
E   ModuleNotFoundError: No module named 'torch._inductor'; 'torch' is not a package</error></testcase><testcase classname="" name="venv_gpu.Lib.site-packages.torch._inductor.test_operators" time="0.000"><error message="collection failure">ImportError while importing test module 'C:\Users\aaron\Desktop\grace-3.1--Aaron-new2\backend\venv_gpu\Lib\site-packages\torch\_inductor\test_operators.py'.
Hint: make sure your test modules/packages have valid Python names.
Traceback:
..\..\..\..\AppData\Local\Programs\Python\Python311\Lib\importlib\__init__.py:126: in import_module
    return _bootstrap._gcd_import(name[level:], package, level)
           ^^^^^^^^^^^^^^^^^^^^^^^^^^^^^^^^^^^^^^^^^^^^^^^^^^^^
E   ModuleNotFoundError: No module named 'torch._inductor'; 'torch' is not a package</error></testcase><testcase classname="" name="venv_gpu.Lib.site-packages.torch.fx.passes.tests.test_pass_manager" time="0.000"><error message="collection failure">import file mismatch:
imported module 'torch.fx.passes.tests.test_pass_manager' has this __file__ attribute:
  C:\Users\aaron\AppData\Local\Programs\Python\Python311\Lib\site-packages\torch\fx\passes\tests\test_pass_manager.py
which is not the same as the test file we want to collect:
  C:\Users\aaron\Desktop\grace-3.1--Aaron-new2\backend\venv_gpu\Lib\site-packages\torch\fx\passes\tests\test_pass_manager.py
HINT: remove __pycache__ / .pyc files and/or use a unique basename for your test file modules</error></testcase><testcase classname="" name="venv_gpu.Lib.site-packages.torch.testing._internal.distributed._shard.test_common" time="0.000"><error message="collection failure">ImportError while importing test module 'C:\Users\aaron\Desktop\grace-3.1--Aaron-new2\backend\venv_gpu\Lib\site-packages\torch\testing\_internal\distributed\_shard\test_common.py'.
Hint: make sure your test modules/packages have valid Python names.
Traceback:
..\..\..\..\AppData\Local\Programs\Python\Python311\Lib\importlib\__init__.py:126: in import_module
    return _bootstrap._gcd_import(name[level:], package, level)
           ^^^^^^^^^^^^^^^^^^^^^^^^^^^^^^^^^^^^^^^^^^^^^^^^^^^^
..\..\..\..\AppData\Local\Programs\Python\Python311\Lib\site-packages\torch\testing\_internal\distributed\_shard\test_common.py:5: in &lt;module&gt;
    from torch.distributed._shard.sharded_tensor import ShardedTensor
..\..\..\..\AppData\Local\Programs\Python\Python311\Lib\site-packages\torch\distributed\_shard\__init__.py:1: in &lt;module&gt;
    from .api import _shard_tensor, load_with_process_group, shard_module, shard_parameter
..\..\..\..\AppData\Local\Programs\Python\Python311\Lib\site-packages\torch\distributed\_shard\api.py:9: in &lt;module&gt;
    from torch.distributed._shard.sharded_tensor import ShardedTensor
..\..\..\..\AppData\Local\Programs\Python\Python311\Lib\site-packages\torch\distributed\_shard\sharded_tensor\__init__.py:8: in &lt;module&gt;
    from .api import (
..\..\..\..\AppData\Local\Programs\Python\Python311\Lib\site-packages\torch\distributed\_shard\sharded_tensor\api.py:32: in &lt;module&gt;
    from .reshard import reshard_local_shard, reshuffle_local_shard
..\..\..\..\AppData\Local\Programs\Python\Python311\Lib\site-packages\torch\distributed\_shard\sharded_tensor\reshard.py:13: in &lt;module&gt;
    from torch.distributed.nn.functional import all_to_all, all_to_all_single
..\..\..\..\AppData\Local\Programs\Python\Python311\Lib\site-packages\torch\distributed\nn\__init__.py:7: in &lt;module&gt;
    from .api.remote_module import RemoteModule
..\..\..\..\AppData\Local\Programs\Python\Python311\Lib\site-packages\torch\distributed\nn\api\remote_module.py:16: in &lt;module&gt;
    from torch.distributed.rpc.internal import _internal_rpc_pickler
..\..\..\..\AppData\Local\Programs\Python\Python311\Lib\site-packages\torch\distributed\rpc\internal.py:13: in &lt;module&gt;
    from torch._C._distributed_rpc import _get_current_rpc_agent
E   ModuleNotFoundError: No module named 'torch._C._distributed_rpc'; 'torch._C' is not a package</error></testcase><testcase classname="" name="venv_gpu.Lib.site-packages.torch.testing._internal.distributed.ddp_under_dist_autograd_test" time="0.000"><error message="collection failure">ImportError while importing test module 'C:\Users\aaron\Desktop\grace-3.1--Aaron-new2\backend\venv_gpu\Lib\site-packages\torch\testing\_internal\distributed\ddp_under_dist_autograd_test.py'.
Hint: make sure your test modules/packages have valid Python names.
Traceback:
..\..\..\..\AppData\Local\Programs\Python\Python311\Lib\importlib\__init__.py:126: in import_module
    return _bootstrap._gcd_import(name[level:], package, level)
           ^^^^^^^^^^^^^^^^^^^^^^^^^^^^^^^^^^^^^^^^^^^^^^^^^^^^
..\..\..\..\AppData\Local\Programs\Python\Python311\Lib\site-packages\torch\testing\_internal\distributed\ddp_under_dist_autograd_test.py:15: in &lt;module&gt;
    from torch.distributed.nn import RemoteModule
..\..\..\..\AppData\Local\Programs\Python\Python311\Lib\site-packages\torch\distributed\nn\__init__.py:7: in &lt;module&gt;
    from .api.remote_module import RemoteModule
..\..\..\..\AppData\Local\Programs\Python\Python311\Lib\site-packages\torch\distributed\nn\api\remote_module.py:16: in &lt;module&gt;
    from torch.distributed.rpc.internal import _internal_rpc_pickler
..\..\..\..\AppData\Local\Programs\Python\Python311\Lib\site-packages\torch\distributed\rpc\internal.py:13: in &lt;module&gt;
    from torch._C._distributed_rpc import _get_current_rpc_agent
E   ModuleNotFoundError: No module named 'torch._C._distributed_rpc'; 'torch._C' is not a package</error></testcase><testcase classname="" name="venv_gpu.Lib.site-packages.torch.testing._internal.distributed.distributed_test" time="0.000"><error message="collection failure">C:\Users\aaron\AppData\Local\Programs\Python\Python311\Lib\importlib\__init__.py:126: in import_module
    return _bootstrap._gcd_import(name[level:], package, level)
           ^^^^^^^^^^^^^^^^^^^^^^^^^^^^^^^^^^^^^^^^^^^^^^^^^^^^
&lt;frozen importlib._bootstrap&gt;:1204: in _gcd_import
    ???
&lt;frozen importlib._bootstrap&gt;:1176: in _find_and_load
    ???
&lt;frozen importlib._bootstrap&gt;:1147: in _find_and_load_unlocked
    ???
&lt;frozen importlib._bootstrap&gt;:690: in _load_unlocked
    ???
C:\Users\aaron\AppData\Local\Programs\Python\Python311\Lib\site-packages\_pytest\assertion\rewrite.py:197: in exec_module
    exec(co, module.__dict__)
C:\Users\aaron\AppData\Local\Programs\Python\Python311\Lib\site-packages\torch\testing\_internal\distributed\distributed_test.py:30: in &lt;module&gt;
    import torch.distributed.optim.post_localSGD_optimizer as post_localSGD_optimizer
C:\Users\aaron\AppData\Local\Programs\Python\Python311\Lib\site-packages\torch\distributed\optim\__init__.py:26: in &lt;module&gt;
    from .named_optimizer import _NamedOptimizer
C:\Users\aaron\AppData\Local\Programs\Python\Python311\Lib\site-packages\torch\distributed\optim\named_optimizer.py:10: in &lt;module&gt;
    from torch.distributed._shard.sharded_tensor import ShardedTensor
C:\Users\aaron\AppData\Local\Programs\Python\Python311\Lib\site-packages\torch\distributed\_shard\__init__.py:1: in &lt;module&gt;
    from .api import _shard_tensor, load_with_process_group, shard_module, shard_parameter
C:\Users\aaron\AppData\Local\Programs\Python\Python311\Lib\site-packages\torch\distributed\_shard\api.py:9: in &lt;module&gt;
    from torch.distributed._shard.sharded_tensor import ShardedTensor
C:\Users\aaron\AppData\Local\Programs\Python\Python311\Lib\site-packages\torch\distributed\_shard\sharded_tensor\__init__.py:490: in &lt;module&gt;
    from ._ops import *  # noqa: F403
    ^^^^^^^^^^^^^^^^^^^
C:\Users\aaron\AppData\Local\Programs\Python\Python311\Lib\site-packages\torch\distributed\_shard\sharded_tensor\_ops\__init__.py:2: in &lt;module&gt;
    import torch.distributed._shard.sharded_tensor._ops.tensor_ops
C:\Users\aaron\AppData\Local\Programs\Python\Python311\Lib\site-packages\torch\distributed\_shard\sharded_tensor\_ops\tensor_ops.py:16: in &lt;module&gt;
    _register_default_op(torch.Tensor.shape.__get__, _sharded_op_impl)  # type: ignore[attr-defined]
                         ^^^^^^^^^^^^^^^^^^^^^^^^^^
C:\Users\aaron\AppData\Local\Programs\Python\Python311\Lib\unittest\mock.py:655: in __getattr__
    raise AttributeError(name)
E   AttributeError: __get__</error></testcase><testcase classname="" name="venv_gpu.Lib.site-packages.torch.testing._internal.distributed.nn.api.remote_module_test" time="0.000"><error message="collection failure">ImportError while importing test module 'C:\Users\aaron\Desktop\grace-3.1--Aaron-new2\backend\venv_gpu\Lib\site-packages\torch\testing\_internal\distributed\nn\api\remote_module_test.py'.
Hint: make sure your test modules/packages have valid Python names.
Traceback:
..\..\..\..\AppData\Local\Programs\Python\Python311\Lib\importlib\__init__.py:126: in import_module
    return _bootstrap._gcd_import(name[level:], package, level)
           ^^^^^^^^^^^^^^^^^^^^^^^^^^^^^^^^^^^^^^^^^^^^^^^^^^^^
..\..\..\..\AppData\Local\Programs\Python\Python311\Lib\site-packages\torch\testing\_internal\distributed\nn\api\remote_module_test.py:7: in &lt;module&gt;
    import torch.testing._internal.dist_utils as dist_utils
..\..\..\..\AppData\Local\Programs\Python\Python311\Lib\site-packages\torch\testing\_internal\dist_utils.py:10: in &lt;module&gt;
    from torch.distributed.rpc import _rref_context_get_debug_info
E   ImportError: cannot import name '_rref_context_get_debug_info' from 'torch.distributed.rpc' (C:\Users\aaron\AppData\Local\Programs\Python\Python311\Lib\site-packages\torch\distributed\rpc\__init__.py)</error></testcase><testcase classname="" name="venv_gpu.Lib.site-packages.torch.testing._internal.distributed.rpc.dist_autograd_test" time="0.000"><error message="collection failure">ImportError while importing test module 'C:\Users\aaron\Desktop\grace-3.1--Aaron-new2\backend\venv_gpu\Lib\site-packages\torch\testing\_internal\distributed\rpc\dist_autograd_test.py'.
Hint: make sure your test modules/packages have valid Python names.
Traceback:
..\..\..\..\AppData\Local\Programs\Python\Python311\Lib\importlib\__init__.py:126: in import_module
    return _bootstrap._gcd_import(name[level:], package, level)
           ^^^^^^^^^^^^^^^^^^^^^^^^^^^^^^^^^^^^^^^^^^^^^^^^^^^^
..\..\..\..\AppData\Local\Programs\Python\Python311\Lib\site-packages\torch\testing\_internal\distributed\rpc\dist_autograd_test.py:15: in &lt;module&gt;
    import torch.testing._internal.dist_utils
..\..\..\..\AppData\Local\Programs\Python\Python311\Lib\site-packages\torch\testing\_internal\dist_utils.py:10: in &lt;module&gt;
    from torch.distributed.rpc import _rref_context_get_debug_info
E   ImportError: cannot import name '_rref_context_get_debug_info' from 'torch.distributed.rpc' (C:\Users\aaron\AppData\Local\Programs\Python\Python311\Lib\site-packages\torch\distributed\rpc\__init__.py)</error></testcase><testcase classname="" name="venv_gpu.Lib.site-packages.torch.testing._internal.distributed.rpc.dist_optimizer_test" time="0.000"><error message="collection failure">C:\Users\aaron\AppData\Local\Programs\Python\Python311\Lib\importlib\__init__.py:126: in import_module
    return _bootstrap._gcd_import(name[level:], package, level)
           ^^^^^^^^^^^^^^^^^^^^^^^^^^^^^^^^^^^^^^^^^^^^^^^^^^^^
&lt;frozen importlib._bootstrap&gt;:1204: in _gcd_import
    ???
&lt;frozen importlib._bootstrap&gt;:1176: in _find_and_load
    ???
&lt;frozen importlib._bootstrap&gt;:1147: in _find_and_load_unlocked
    ???
&lt;frozen importlib._bootstrap&gt;:690: in _load_unlocked
    ???
C:\Users\aaron\AppData\Local\Programs\Python\Python311\Lib\site-packages\_pytest\assertion\rewrite.py:197: in exec_module
    exec(co, module.__dict__)
C:\Users\aaron\AppData\Local\Programs\Python\Python311\Lib\site-packages\torch\testing\_internal\distributed\rpc\dist_optimizer_test.py:10: in &lt;module&gt;
    from torch.distributed.optim import DistributedOptimizer
C:\Users\aaron\AppData\Local\Programs\Python\Python311\Lib\site-packages\torch\distributed\optim\__init__.py:26: in &lt;module&gt;
    from .named_optimizer import _NamedOptimizer
C:\Users\aaron\AppData\Local\Programs\Python\Python311\Lib\site-packages\torch\distributed\optim\named_optimizer.py:10: in &lt;module&gt;
    from torch.distributed._shard.sharded_tensor import ShardedTensor
C:\Users\aaron\AppData\Local\Programs\Python\Python311\Lib\site-packages\torch\distributed\_shard\__init__.py:1: in &lt;module&gt;
    from .api import _shard_tensor, load_with_process_group, shard_module, shard_parameter
C:\Users\aaron\AppData\Local\Programs\Python\Python311\Lib\site-packages\torch\distributed\_shard\api.py:9: in &lt;module&gt;
    from torch.distributed._shard.sharded_tensor import ShardedTensor
C:\Users\aaron\AppData\Local\Programs\Python\Python311\Lib\site-packages\torch\distributed\_shard\sharded_tensor\__init__.py:490: in &lt;module&gt;
    from ._ops import *  # noqa: F403
    ^^^^^^^^^^^^^^^^^^^
C:\Users\aaron\AppData\Local\Programs\Python\Python311\Lib\site-packages\torch\distributed\_shard\sharded_tensor\_ops\__init__.py:2: in &lt;module&gt;
    import torch.distributed._shard.sharded_tensor._ops.tensor_ops
C:\Users\aaron\AppData\Local\Programs\Python\Python311\Lib\site-packages\torch\distributed\_shard\sharded_tensor\_ops\tensor_ops.py:16: in &lt;module&gt;
    _register_default_op(torch.Tensor.shape.__get__, _sharded_op_impl)  # type: ignore[attr-defined]
                         ^^^^^^^^^^^^^^^^^^^^^^^^^^
C:\Users\aaron\AppData\Local\Programs\Python\Python311\Lib\unittest\mock.py:655: in __getattr__
    raise AttributeError(name)
E   AttributeError: __get__</error></testcase><testcase classname="" name="venv_gpu.Lib.site-packages.torch.testing._internal.distributed.rpc.examples.parameter_server_test" time="0.000"><error message="collection failure">ImportError while importing test module 'C:\Users\aaron\Desktop\grace-3.1--Aaron-new2\backend\venv_gpu\Lib\site-packages\torch\testing\_internal\distributed\rpc\examples\parameter_server_test.py'.
Hint: make sure your test modules/packages have valid Python names.
Traceback:
..\..\..\..\AppData\Local\Programs\Python\Python311\Lib\importlib\__init__.py:126: in import_module
    return _bootstrap._gcd_import(name[level:], package, level)
           ^^^^^^^^^^^^^^^^^^^^^^^^^^^^^^^^^^^^^^^^^^^^^^^^^^^^
..\..\..\..\AppData\Local\Programs\Python\Python311\Lib\site-packages\torch\testing\_internal\distributed\rpc\examples\parameter_server_test.py:15: in &lt;module&gt;
    from torch.testing._internal.dist_utils import dist_init, worker_name
..\..\..\..\AppData\Local\Programs\Python\Python311\Lib\site-packages\torch\testing\_internal\dist_utils.py:10: in &lt;module&gt;
    from torch.distributed.rpc import _rref_context_get_debug_info
E   ImportError: cannot import name '_rref_context_get_debug_info' from 'torch.distributed.rpc' (C:\Users\aaron\AppData\Local\Programs\Python\Python311\Lib\site-packages\torch\distributed\rpc\__init__.py)</error></testcase><testcase classname="" name="venv_gpu.Lib.site-packages.torch.testing._internal.distributed.rpc.examples.reinforcement_learning_rpc_test" time="0.000"><error message="collection failure">ImportError while importing test module 'C:\Users\aaron\Desktop\grace-3.1--Aaron-new2\backend\venv_gpu\Lib\site-packages\torch\testing\_internal\distributed\rpc\examples\reinforcement_learning_rpc_test.py'.
Hint: make sure your test modules/packages have valid Python names.
Traceback:
..\..\..\..\AppData\Local\Programs\Python\Python311\Lib\importlib\__init__.py:126: in import_module
    return _bootstrap._gcd_import(name[level:], package, level)
           ^^^^^^^^^^^^^^^^^^^^^^^^^^^^^^^^^^^^^^^^^^^^^^^^^^^^
..\..\..\..\AppData\Local\Programs\Python\Python311\Lib\site-packages\torch\testing\_internal\distributed\rpc\examples\reinforcement_learning_rpc_test.py:14: in &lt;module&gt;
    from torch.distributed.rpc import remote, rpc_async, rpc_sync, RRef
E   ImportError: cannot import name 'remote' from 'torch.distributed.rpc' (C:\Users\aaron\AppData\Local\Programs\Python\Python311\Lib\site-packages\torch\distributed\rpc\__init__.py)</error></testcase><testcase classname="" name="venv_gpu.Lib.site-packages.torch.testing._internal.distributed.rpc.faulty_agent_rpc_test" time="0.000"><error message="collection failure">ImportError while importing test module 'C:\Users\aaron\Desktop\grace-3.1--Aaron-new2\backend\venv_gpu\Lib\site-packages\torch\testing\_internal\distributed\rpc\faulty_agent_rpc_test.py'.
Hint: make sure your test modules/packages have valid Python names.
Traceback:
..\..\..\..\AppData\Local\Programs\Python\Python311\Lib\importlib\__init__.py:126: in import_module
    return _bootstrap._gcd_import(name[level:], package, level)
           ^^^^^^^^^^^^^^^^^^^^^^^^^^^^^^^^^^^^^^^^^^^^^^^^^^^^
..\..\..\..\AppData\Local\Programs\Python\Python311\Lib\site-packages\torch\testing\_internal\distributed\rpc\faulty_agent_rpc_test.py:7: in &lt;module&gt;
    from torch.distributed.rpc.api import _delete_all_user_and_unforked_owner_rrefs
..\..\..\..\AppData\Local\Programs\Python\Python311\Lib\site-packages\torch\distributed\rpc\api.py:13: in &lt;module&gt;
    from torch._C._distributed_rpc import (
E   ModuleNotFoundError: No module named 'torch._C._distributed_rpc'; 'torch._C' is not a package</error></testcase><testcase classname="" name="venv_gpu.Lib.site-packages.torch.testing._internal.distributed.rpc.jit.dist_autograd_test" time="0.000"><error message="collection failure">ImportError while importing test module 'C:\Users\aaron\Desktop\grace-3.1--Aaron-new2\backend\venv_gpu\Lib\site-packages\torch\testing\_internal\distributed\rpc\jit\dist_autograd_test.py'.
Hint: make sure your test modules/packages have valid Python names.
Traceback:
..\..\..\..\AppData\Local\Programs\Python\Python311\Lib\importlib\__init__.py:126: in import_module
    return _bootstrap._gcd_import(name[level:], package, level)
           ^^^^^^^^^^^^^^^^^^^^^^^^^^^^^^^^^^^^^^^^^^^^^^^^^^^^
..\..\..\..\AppData\Local\Programs\Python\Python311\Lib\site-packages\torch\testing\_internal\distributed\rpc\jit\dist_autograd_test.py:8: in &lt;module&gt;
    from torch.distributed.rpc import rpc_async
E   ImportError: cannot import name 'rpc_async' from 'torch.distributed.rpc' (C:\Users\aaron\AppData\Local\Programs\Python\Python311\Lib\site-packages\torch\distributed\rpc\__init__.py)</error></testcase><testcase classname="" name="venv_gpu.Lib.site-packages.torch.testing._internal.distributed.rpc.jit.rpc_test" time="0.000"><error message="collection failure">ImportError while importing test module 'C:\Users\aaron\Desktop\grace-3.1--Aaron-new2\backend\venv_gpu\Lib\site-packages\torch\testing\_internal\distributed\rpc\jit\rpc_test.py'.
Hint: make sure your test modules/packages have valid Python names.
Traceback:
..\..\..\..\AppData\Local\Programs\Python\Python311\Lib\importlib\__init__.py:126: in import_module
    return _bootstrap._gcd_import(name[level:], package, level)
           ^^^^^^^^^^^^^^^^^^^^^^^^^^^^^^^^^^^^^^^^^^^^^^^^^^^^
..\..\..\..\AppData\Local\Programs\Python\Python311\Lib\site-packages\torch\testing\_internal\distributed\rpc\jit\rpc_test.py:13: in &lt;module&gt;
    from torch.distributed.rpc import RRef
E   ImportError: cannot import name 'RRef' from 'torch.distributed.rpc' (C:\Users\aaron\AppData\Local\Programs\Python\Python311\Lib\site-packages\torch\distributed\rpc\__init__.py)</error></testcase><testcase classname="" name="venv_gpu.Lib.site-packages.torch.testing._internal.distributed.rpc.rpc_test" time="0.000"><error message="collection failure">ImportError while importing test module 'C:\Users\aaron\Desktop\grace-3.1--Aaron-new2\backend\venv_gpu\Lib\site-packages\torch\testing\_internal\distributed\rpc\rpc_test.py'.
Hint: make sure your test modules/packages have valid Python names.
Traceback:
..\..\..\..\AppData\Local\Programs\Python\Python311\Lib\importlib\__init__.py:126: in import_module
    return _bootstrap._gcd_import(name[level:], package, level)
           ^^^^^^^^^^^^^^^^^^^^^^^^^^^^^^^^^^^^^^^^^^^^^^^^^^^^
..\..\..\..\AppData\Local\Programs\Python\Python311\Lib\site-packages\torch\testing\_internal\distributed\rpc\rpc_test.py:22: in &lt;module&gt;
    from torch.distributed.rpc import (
E   ImportError: cannot import name '_get_debug_info' from 'torch.distributed.rpc' (C:\Users\aaron\AppData\Local\Programs\Python\Python311\Lib\site-packages\torch\distributed\rpc\__init__.py)</error></testcase><testcase classname="" name="venv_gpu.Lib.site-packages.torch.utils.benchmark.examples.spectral_ops_fuzz_test" time="0.000"><error message="collection failure">ImportError while importing test module 'C:\Users\aaron\Desktop\grace-3.1--Aaron-new2\backend\venv_gpu\Lib\site-packages\torch\utils\benchmark\examples\spectral_ops_fuzz_test.py'.
Hint: make sure your test modules/packages have valid Python names.
Traceback:
..\..\..\..\AppData\Local\Programs\Python\Python311\Lib\importlib\__init__.py:126: in import_module
    return _bootstrap._gcd_import(name[level:], package, level)
           ^^^^^^^^^^^^^^^^^^^^^^^^^^^^^^^^^^^^^^^^^^^^^^^^^^^^
..\..\..\..\AppData\Local\Programs\Python\Python311\Lib\site-packages\torch\utils\benchmark\__init__.py:2: in &lt;module&gt;
    from torch.utils.benchmark.utils.timer import *  # noqa: F403
    ^^^^^^^^^^^^^^^^^^^^^^^^^^^^^^^^^^^^^^^^^^^^^^^
..\..\..\..\AppData\Local\Programs\Python\Python311\Lib\site-packages\torch\utils\benchmark\utils\timer.py:8: in &lt;module&gt;
    from torch.utils.benchmark.utils import common, cpp_jit
..\..\..\..\AppData\Local\Programs\Python\Python311\Lib\site-packages\torch\utils\benchmark\utils\cpp_jit.py:13: in &lt;module&gt;
    from torch.utils import cpp_extension
..\..\..\..\AppData\Local\Programs\Python\Python311\Lib\site-packages\torch\utils\cpp_extension.py:22: in &lt;module&gt;
    import torch._appdirs
E   ModuleNotFoundError: No module named 'torch._appdirs'; 'torch' is not a package</error></testcase></testsuite></testsuites>